== fitted on prior seasons only ==
  2022: EB k=0.5  role factors down=0.9529 stable=1.0187 up=1.0463
  2023: EB k=0.5  role factors down=0.9385 stable=1.0096 up=1.0502
  2024: EB k=0.5  role factors down=0.9282 stable=1.0061 up=1.0544
  2025: EB k=0.5  role factors down=0.9276 stable=1.0059 up=1.0520

== simple baselines (control = ewma_hl2) ==

  --- ALL ---
    method             MAE    RMSE       r      R2   sdrat     bias  vs control
    pos_mean        0.2621  0.3009   0.285   0.080   0.300  -0.0068  -102.59%
    last_obs        0.1375  0.1998   0.797   0.594   1.001  +0.0001   -6.26%
    expanding       0.1623  0.2161   0.731   0.526   0.821  +0.0010  -25.48%
    ewma_hl1        0.1268  0.1803   0.824   0.670   0.920  +0.0008   +1.95%
    ewma_hl2        0.1294  0.1809   0.820   0.668   0.887  +0.0019   +0.00%
    ewma_hl3        0.1327  0.1838   0.813   0.657   0.870  +0.0028   -2.55%
    ewma_hl5        0.1381  0.1892   0.800   0.636   0.852  +0.0039   -6.78%
    ewma_hl8        0.1438  0.1951   0.785   0.614   0.839  +0.0045  -11.13%
    eb_shrink       0.1305  0.1802   0.820   0.670   0.857  +0.0057   -0.86%
    prev_season     0.1935  0.2531   0.621   0.349   0.801  +0.0192  -49.57%
    career_prior    0.1623  0.2161   0.731   0.526   0.821  +0.0010  -25.48%
    role_persist    0.1287  0.1802   0.822   0.670   0.897  +0.0040   +0.51%

  --- WR ---
    method             MAE    RMSE       r      R2   sdrat     bias  vs control
    pos_mean        0.2974  0.3312   0.007  -0.000   0.005  -0.0025  -108.94%
    last_obs        0.1477  0.2221   0.775   0.550   1.000  +0.0009   -3.80%
    expanding       0.1811  0.2417   0.692   0.467   0.795  +0.0071  -27.24%
    ewma_hl1        0.1382  0.2012   0.801   0.631   0.908  +0.0023   +2.87%
    ewma_hl2        0.1423  0.2023   0.795   0.627   0.868  +0.0042   +0.00%
    ewma_hl3        0.1465  0.2057   0.787   0.615   0.848  +0.0058   -2.97%
    ewma_hl5        0.1534  0.2119   0.771   0.591   0.827  +0.0079   -7.78%
    ewma_hl8        0.1602  0.2187   0.754   0.564   0.812  +0.0093  -12.55%
    eb_shrink       0.1441  0.2015   0.795   0.630   0.831  +0.0089   -1.27%
    prev_season     0.2178  0.2845   0.555   0.263   0.747  +0.0309  -53.02%
    career_prior    0.1811  0.2417   0.692   0.467   0.795  +0.0071  -27.24%
    role_persist    0.1412  0.2013   0.799   0.631   0.880  +0.0067   +0.78%

  --- TE ---
    method             MAE    RMSE       r      R2   sdrat     bias  vs control
    pos_mean        0.2578  0.2968   0.000  -0.000   0.004  -0.0051  -118.40%
    last_obs        0.1258  0.1795   0.817   0.634   1.001  -0.0007   -6.56%
    expanding       0.1509  0.1992   0.745   0.550   0.822  +0.0006  -27.82%
    ewma_hl1        0.1159  0.1625   0.841   0.700   0.928  -0.0004   +1.84%
    ewma_hl2        0.1181  0.1637   0.836   0.696   0.897  +0.0005   +0.00%
    ewma_hl3        0.1212  0.1667   0.829   0.685   0.881  +0.0013   -2.63%
    ewma_hl5        0.1262  0.1720   0.816   0.664   0.862  +0.0024   -6.89%
    ewma_hl8        0.1314  0.1775   0.803   0.642   0.848  +0.0031  -11.34%
    eb_shrink       0.1189  0.1630   0.836   0.698   0.868  +0.0037   -0.71%
    prev_season     0.1789  0.2337   0.640   0.380   0.804  +0.0142  -51.57%
    career_prior    0.1509  0.1992   0.745   0.550   0.822  +0.0006  -27.82%
    role_persist    0.1176  0.1630   0.838   0.698   0.907  +0.0026   +0.37%

  --- RB ---
    method             MAE    RMSE       r      R2   sdrat     bias  vs control
    pos_mean        0.2096  0.2491   0.014  -0.004   0.013  -0.0153  -75.16%
    last_obs        0.1324  0.1799   0.738   0.476   0.999  -0.0003  -10.70%
    expanding       0.1434  0.1862   0.670   0.439   0.761  -0.0085  -19.84%
    ewma_hl1        0.1193  0.1600   0.775   0.586   0.896  -0.0004   +0.28%
    ewma_hl2        0.1196  0.1593   0.772   0.590   0.854  -0.0004   +0.00%
    ewma_hl3        0.1216  0.1612   0.765   0.580   0.833  -0.0005   -1.67%
    ewma_hl5        0.1253  0.1651   0.750   0.559   0.810  -0.0009   -4.76%
    ewma_hl8        0.1295  0.1696   0.734   0.535   0.792  -0.0018   -8.21%
    eb_shrink       0.1199  0.1585   0.772   0.594   0.824  +0.0024   -0.21%
    prev_season     0.1688  0.2150   0.547   0.252   0.762  +0.0055  -41.05%
    career_prior    0.1434  0.1862   0.670   0.439   0.761  -0.0085  -19.84%
    role_persist    0.1195  0.1591   0.774   0.591   0.863  +0.0010   +0.11%

  best simple: ewma_hl1

== ladder ==

  --- ALL ---
    rung             MAE    RMSE       r      R2   sdrat  vs control
    CONTROL_hl2   0.1294  0.1809   0.820   0.668   0.887   +0.00%
    P0            0.1270  0.1804   0.824   0.670   0.919   +1.86%
    P_iso         0.1334  0.1800   0.820   0.671   0.807   -3.14%
    P_base        0.1304  0.1761   0.828   0.685   0.808   -0.77%
    P_A           0.1299  0.1762   0.828   0.685   0.816   -0.42%
    P_B           0.1292  0.1752   0.830   0.688   0.820   +0.13%
    P_C           0.1300  0.1753   0.830   0.688   0.810   -0.46%
    P_D           0.1304  0.1761   0.828   0.685   0.808   -0.77%
    P_E           0.1304  0.1761   0.828   0.685   0.809   -0.79%
    P_AB          0.1294  0.1754   0.829   0.687   0.819   -0.07%
    P_ABC         0.1290  0.1749   0.830   0.689   0.822   +0.25%
    P_ABCD        0.1290  0.1749   0.830   0.689   0.822   +0.30%
    P_ABCDE       0.1289  0.1747   0.831   0.690   0.823   +0.33%

  --- WR ---
    rung             MAE    RMSE       r      R2   sdrat  vs control
    CONTROL_hl2   0.1423  0.2023   0.795   0.627   0.868   +0.00%
    P0            0.1382  0.2012   0.801   0.631   0.908   +2.87%
    P_iso         0.1469  0.2008   0.795   0.633   0.793   -3.19%
    P_base        0.1437  0.1964   0.805   0.648   0.793   -0.98%
    P_A           0.1427  0.1963   0.805   0.649   0.803   -0.25%
    P_B           0.1423  0.1953   0.808   0.652   0.809   -0.02%
    P_C           0.1431  0.1951   0.808   0.653   0.795   -0.53%
    P_D           0.1437  0.1964   0.806   0.649   0.793   -1.00%
    P_E           0.1442  0.1966   0.805   0.648   0.782   -1.33%
    P_AB          0.1423  0.1955   0.808   0.652   0.809   -0.02%
    P_ABC         0.1418  0.1947   0.809   0.655   0.811   +0.39%
    P_ABCD        0.1417  0.1947   0.809   0.655   0.812   +0.41%
    P_ABCDE       0.1421  0.1945   0.810   0.655   0.800   +0.18%

  --- TE ---
    rung             MAE    RMSE       r      R2   sdrat  vs control
    CONTROL_hl2   0.1181  0.1637   0.836   0.696   0.897   +0.00%
    P0            0.1159  0.1625   0.841   0.700   0.928   +1.84%
    P_iso         0.1219  0.1633   0.836   0.697   0.816   -3.28%
    P_base        0.1190  0.1593   0.845   0.712   0.816   -0.82%
    P_A           0.1187  0.1594   0.844   0.711   0.823   -0.57%
    P_B           0.1180  0.1586   0.846   0.714   0.824   +0.04%
    P_C           0.1187  0.1586   0.846   0.714   0.817   -0.52%
    P_D           0.1190  0.1592   0.845   0.712   0.816   -0.83%
    P_E           0.1179  0.1591   0.844   0.713   0.833   +0.12%
    P_AB          0.1186  0.1591   0.845   0.713   0.823   -0.44%
    P_ABC         0.1181  0.1586   0.846   0.715   0.825   -0.05%
    P_ABCD        0.1181  0.1586   0.846   0.715   0.825   +0.00%
    P_ABCDE       0.1170  0.1584   0.846   0.715   0.843   +0.91%

  --- RB ---
    rung             MAE    RMSE       r      R2   sdrat  vs control
    CONTROL_hl2   0.1196  0.1593   0.772   0.590   0.854   +0.00%
    P0            0.1197  0.1604   0.774   0.584   0.893   -0.08%
    P_iso         0.1231  0.1591   0.771   0.590   0.766   -2.93%
    P_base        0.1200  0.1564   0.779   0.605   0.781   -0.33%
    P_A           0.1203  0.1567   0.778   0.603   0.786   -0.60%
    P_B           0.1190  0.1555   0.781   0.609   0.797   +0.51%
    P_C           0.1199  0.1561   0.780   0.606   0.786   -0.26%
    P_D           0.1199  0.1564   0.779   0.605   0.782   -0.25%
    P_E           0.1204  0.1562   0.779   0.606   0.744   -0.63%
    P_AB          0.1194  0.1556   0.781   0.608   0.798   +0.20%
    P_ABC         0.1193  0.1554   0.782   0.609   0.801   +0.28%
    P_ABCD        0.1192  0.1554   0.782   0.610   0.801   +0.36%
    P_ABCDE       0.1196  0.1553   0.781   0.610   0.765   +0.07%

  best rung: P0  (+1.86% vs control)
    2022: control 0.1350  best 0.1319  +2.24%
    2023: control 0.1258  best 0.1226  +2.55%
    2024: control 0.1284  best 0.1266  +1.43%
    2025: control 0.1283  best 0.1267  +1.18%
  seasons >= 5%: 0/4   positions >= 5%: 0/3

== cohorts: control vs best rung ==
  --- position ---
    RB                   n= 6271  control 0.1196 -> best 0.1197   -0.08%  bias -0.0004 -> +0.0006
    TE                   n= 6151  control 0.1181 -> best 0.1159   +1.84%  bias +0.0005 -> -0.0004
    WR                   n=10078  control 0.1423 -> best 0.1382   +2.87%  bias +0.0042 -> +0.0023
  --- history ---
    10-24                n= 4919  control 0.1412 -> best 0.1368   +3.15%  bias -0.0032 -> -0.0001
    25+                  n=14218  control 0.1249 -> best 0.1228   +1.66%  bias +0.0112 -> +0.0067
    4-9                  n= 2183  control 0.1359 -> best 0.1338   +1.58%  bias -0.0299 -> -0.0202
    <4                   n= 1180  control 0.1221 -> best 0.1238   -1.35%  bias -0.0291 -> -0.0220
  --- appearance ---
    0.25-0.50            n= 2100  control 0.1484 -> best 0.1425   +3.96%  bias +0.0299 -> +0.0107
    0.50-0.80            n= 4902  control 0.1386 -> best 0.1351   +2.54%  bias +0.0064 -> -0.0102
    0.80-0.95            n= 9490  control 0.1331 -> best 0.1314   +1.27%  bias -0.0114 -> -0.0086
    <0.25                n=  158  control 0.1518 -> best 0.1344  +11.46%  bias +0.0349 -> +0.0149
    >=0.95               n= 5850  control 0.1082 -> best 0.1072   +0.89%  bias +0.0088 -> +0.0225
  --- prior_P ---
    high                 n= 8104  control 0.1187 -> best 0.1185   +0.18%  bias +0.0229 -> +0.0306
    low                  n= 6248  control 0.1058 -> best 0.1047   +1.03%  bias -0.0297 -> -0.0384
    medium               n= 8148  control 0.1580 -> best 0.1524   +3.53%  bias +0.0052 -> +0.0020
  --- role_transition ---
    down                 n= 4638  control 0.1549 -> best 0.1475   +4.82%  bias +0.0383 -> -0.0076
    stable               n=13253  control 0.1108 -> best 0.1110   -0.15%  bias -0.0006 -> -0.0006
    up                   n= 4609  control 0.1570 -> best 0.1523   +2.99%  bias -0.0274 -> +0.0147
  --- prior_role ---
    fringe               n= 5295  control 0.1106 -> best 0.1108   -0.18%  bias -0.0354 -> -0.0340
    rotation             n= 9668  control 0.1493 -> best 0.1436   +3.81%  bias +0.0040 -> +0.0022
    starter              n= 7537  control 0.1170 -> best 0.1170   +0.01%  bias +0.0255 -> +0.0243
  --- teammate_change ---
    returning_competitor n=22030  control 0.1300 -> best 0.1276   +1.86%  bias +0.0020 -> +0.0013
    stable               n=  470  control 0.1005 -> best 0.0988   +1.68%  bias -0.0010 -> -0.0112

done in 33s -> p_study.json
