panel 83144 rows; computing appearance ...
p_app for 35757 player-games
  snaps       2022 n= 8092 G=542 CRPS A=6.8122 B=6.8005 C=6.7971 D_ln=6.9817 D_emp=6.8883 E=3.1586
                   over-allocation A=+1.3% B=-0.6% C=-0.6% D_ln=-0.6% D_emp=-0.6% E=-0.6%  chosen=C
  snaps       2023 n= 7840 G=544 CRPS A=6.6504 B=6.6333 C=6.6344 D_ln=6.8640 D_emp=6.7405 E=3.0542
                   over-allocation A=-0.0% B=-0.3% C=-0.3% D_ln=-0.3% D_emp=-0.3% E=-0.3%  chosen=B
  snaps       2024 n= 7743 G=544 CRPS A=6.5938 B=6.4951 C=6.4919 D_ln=6.7435 D_emp=6.6248 E=3.0811
                   over-allocation A=-0.8% B=-0.2% C=-0.2% D_ln=-0.2% D_emp=-0.2% E=-0.2%  chosen=C
  snaps       2025 n= 7768 G=544 CRPS A=7.2252 B=7.2263 C=7.2295 D_ln=7.3611 D_emp=7.3107 E=3.6883
                   over-allocation A=+0.4% B=+0.5% C=+0.5% D_ln=+0.5% D_emp=+0.5% E=+0.5%  chosen=A
  pass_snaps  2022 n= 8092 G=542 CRPS A=4.2935 B=4.2794 C=4.2800 D_ln=4.4660 D_emp=4.3216 E=2.3120
                   over-allocation A=+1.2% B=-0.3% C=-0.3% D_ln=-0.3% D_emp=-0.3% E=-0.4%  chosen=B
  pass_snaps  2023 n= 7840 G=544 CRPS A=4.1945 B=4.1680 C=4.1681 D_ln=4.4399 D_emp=4.2335 E=2.1709
                   over-allocation A=+0.0% B=-0.0% C=-0.0% D_ln=-0.0% D_emp=-0.0% E=-0.0%  chosen=B
  pass_snaps  2024 n= 7729 G=543 CRPS A=4.1991 B=4.1217 C=4.1222 D_ln=4.3860 D_emp=4.1915 E=2.3215
                   over-allocation A=-1.1% B=-0.3% C=-0.3% D_ln=-0.3% D_emp=-0.3% E=-0.3%  chosen=B
  pass_snaps  2025 n= 7752 G=543 CRPS A=4.4824 B=4.4750 C=4.4719 D_ln=4.6409 D_emp=4.5188 E=2.4630
                   over-allocation A=+0.1% B=+0.2% C=+0.2% D_ln=+0.2% D_emp=+0.2% E=+0.2%  chosen=C
  targets     2022 n= 8092 G=542 CRPS A=0.9532 B=0.9433 C=0.9428 C2=0.9435 D_dir=0.9484 D_sln=0.9930 D_emp=0.9899 E=0.4092
                   over-allocation A=+7.3% B=-0.3% C=-0.3% C2=-0.6% D_dir=-0.3% D_sln=-0.3% D_emp=-0.3% E=-0.3%  chosen=C
  targets     2023 n= 7840 G=544 CRPS A=0.9302 B=0.9278 C=0.9269 C2=0.9272 D_dir=0.9358 D_sln=0.9920 D_emp=0.9884 E=0.3787
                   over-allocation A=+6.9% B=+0.1% C=+0.1% C2=-0.1% D_dir=+0.1% D_sln=+0.1% D_emp=+0.1% E=+0.1%  chosen=C
  targets     2024 n= 7743 G=544 CRPS A=0.9350 B=0.9224 C=0.9221 C2=0.9220 D_dir=0.9272 D_sln=0.9829 D_emp=0.9808 E=0.3887
                   over-allocation A=+4.8% B=-0.3% C=-0.3% C2=-0.5% D_dir=-0.3% D_sln=-0.3% D_emp=-0.3% E=-0.3%  chosen=C2
  targets     2025 n= 7768 G=544 CRPS A=0.9607 B=0.9519 C=0.9520 C2=0.9522 D_dir=0.9604 D_sln=1.0106 D_emp=1.0059 E=0.4204
                   over-allocation A=+6.9% B=+0.1% C=+0.1% C2=-0.1% D_dir=+0.1% D_sln=+0.1% D_emp=+0.1% E=+0.1%  chosen=B
  carries     2022 n= 2365 G=542 CRPS A=1.9455 B=1.9283 C=1.9296 C2=1.9519 D_dir=1.9262 D_sln=2.0885 D_emp=2.0821 E=1.1347
                   over-allocation A=+8.6% B=+1.0% C=+1.0% C2=-5.5% D_dir=+1.4% D_sln=-1.2% D_emp=-1.2% E=-0.3%  chosen=D_dir
  carries     2023 n= 2255 G=544 CRPS A=2.0556 B=1.9970 C=1.9973 C2=2.0259 D_dir=1.9932 D_sln=2.1616 D_emp=2.1579 E=1.1749
                   over-allocation A=+3.4% B=-0.5% C=-0.5% C2=-7.6% D_dir=-0.1% D_sln=-2.9% D_emp=-3.0% E=-1.5%  chosen=D_dir
  carries     2024 n= 2166 G=544 CRPS A=2.1744 B=2.1081 C=2.1103 C2=2.1289 D_dir=2.1107 D_sln=2.2700 D_emp=2.2642 E=1.2264
                   over-allocation A=+2.3% B=-1.1% C=-1.0% C2=-8.2% D_dir=-0.5% D_sln=-3.4% D_emp=-3.4% E=-2.0%  chosen=B
  carries     2025 n= 2174 G=544 CRPS A=2.0641 B=2.0525 C=2.0545 C2=2.0668 D_dir=2.0453 D_sln=2.1969 D_emp=2.1824 E=1.2035
                   over-allocation A=+4.6% B=-0.7% C=-0.7% C2=-6.5% D_dir=-0.3% D_sln=-2.8% D_emp=-2.8% E=-2.4%  chosen=D_dir
  rz_carries  2022 n= 2208 G=507 CRPS A=0.5241 B=0.5153 C=0.5150 C2=0.5155 D_dir=0.5174 D_sln=0.5611 D_emp=0.5611 E=0.3231
                   over-allocation A=+17.9% B=+0.5% C=+0.5% C2=-3.9% D_dir=+1.4% D_sln=-13.6% D_emp=-13.6% E=-9.4%  chosen=C
  rz_carries  2023 n= 2105 G=506 CRPS A=0.5509 B=0.5433 C=0.5423 C2=0.5463 D_dir=0.5385 D_sln=0.6070 D_emp=0.6071 E=0.3468
                   over-allocation A=+9.8% B=-1.8% C=-1.7% C2=-6.5% D_dir=-0.6% D_sln=-16.6% D_emp=-16.6% E=-9.2%  chosen=D_dir
  rz_carries  2024 n= 2024 G=509 CRPS A=0.5813 B=0.5709 C=0.5714 C2=0.5749 D_dir=0.5750 D_sln=0.6503 D_emp=0.6495 E=0.3633
                   over-allocation A=+7.3% B=-5.5% C=-5.5% C2=-9.6% D_dir=-4.5% D_sln=-20.3% D_emp=-20.3% E=-12.3%  chosen=B
  rz_carries  2025 n= 2037 G=509 CRPS A=0.5795 B=0.5785 C=0.5778 C2=0.5792 D_dir=0.5827 D_sln=0.6458 D_emp=0.6463 E=0.3783
                   over-allocation A=+10.9% B=-3.7% C=-3.7% C2=-7.2% D_dir=-3.1% D_sln=-18.0% D_emp=-18.0% E=-11.9%  chosen=C

done in 336s -> p4c_results.json
