  snaps       2022 rPIT chi2  base=    73.1 +T=    78.6 +App=    12.1 +Teammates=  1308.1 +Shares=   898.5 +Debias=    65.5 +All=   453.1
  snaps       2023 rPIT chi2  base=   122.8 +T=   184.5 +App=    22.4 +Teammates=  1238.0 +Shares=   767.7 +Debias=   125.1 +All=   386.3
  snaps       2024 rPIT chi2  base=   111.5 +T=   124.4 +App=    30.8 +Teammates=  1354.8 +Shares=   770.5 +Debias=    92.8 +All=   228.5
  snaps       2025 rPIT chi2  base=    57.9 +T=    82.8 +App=    40.1 +Teammates=  1798.6 +Shares=   954.3 +Debias=    38.7 +All=   347.3
  pass_snaps  2022 rPIT chi2  base=    71.3 +T=    93.7 +App=    20.5 +Teammates=  1027.1 +Shares=   596.0 +Debias=    58.3 +All=  1161.3
  pass_snaps  2023 rPIT chi2  base=   132.4 +T=   164.2 +App=    44.7 +Teammates=   841.7 +Shares=   644.1 +Debias=   140.0 +All=  1049.3
  pass_snaps  2024 rPIT chi2  base=   116.9 +T=   124.2 +App=    39.2 +Teammates=  1119.2 +Shares=   504.7 +Debias=    92.0 +All=   942.7
  pass_snaps  2025 rPIT chi2  base=    68.7 +T=    83.2 +App=    41.9 +Teammates=  1163.4 +Shares=   659.5 +Debias=    60.1 +All=   991.1
  targets     2022 rPIT chi2  base=    89.1 +T=   109.1 +App=   199.2 +Teammates=  2745.0 +Shares=   270.2 +Debias=    85.6 +All=   498.0
  targets     2023 rPIT chi2  base=    41.8 +T=    70.7 +App=   136.9 +Teammates=  2683.1 +Shares=   310.5 +Debias=    39.2 +All=   415.5
  targets     2024 rPIT chi2  base=    71.9 +T=   106.2 +App=   227.1 +Teammates=  2853.5 +Shares=   236.5 +Debias=    67.7 +All=   453.6
  targets     2025 rPIT chi2  base=   104.8 +T=   155.7 +App=   168.7 +Teammates=  2828.1 +Shares=   273.1 +Debias=   111.0 +All=   477.1
  carries     2022 rPIT chi2  base=    10.7 +T=    21.9 +App=    11.2 +Teammates=   295.2 +Shares=    87.4 +Debias=    10.7 +All=    16.9
  carries     2023 rPIT chi2  base=    21.3 +T=    16.1 +App=    33.9 +Teammates=   352.2 +Shares=    79.9 +Debias=    19.3 +All=    18.3
  carries     2024 rPIT chi2  base=     9.0 +T=     5.7 +App=    16.4 +Teammates=   252.3 +Shares=   105.9 +Debias=    10.6 +All=    44.9
  carries     2025 rPIT chi2  base=     9.7 +T=    12.0 +App=    11.6 +Teammates=   287.9 +Shares=   108.0 +Debias=     9.6 +All=    18.2
  rz_carries  2022 rPIT chi2  base=   123.5 +T=   172.1 +App=   180.5 +Teammates=   625.9 +Shares=    45.4 +Debias=   116.1 +All=    17.7
  rz_carries  2023 rPIT chi2  base=    98.6 +T=   134.2 +App=   164.4 +Teammates=   709.0 +Shares=    62.2 +Debias=    99.7 +All=    42.4
  rz_carries  2024 rPIT chi2  base=    78.1 +T=   115.1 +App=   127.2 +Teammates=   611.3 +Shares=    92.2 +Debias=    73.7 +All=    52.5
  rz_carries  2025 rPIT chi2  base=    63.0 +T=   116.7 +App=   116.6 +Teammates=   521.7 +Shares=    92.6 +Debias=    62.9 +All=    39.2
done in 218s -> p4c_ablation.json
