
modules 182  test functions 1971  checks 10447  FAILING CHECKS 61  RAISED 21  ZERO-CHECK FUNCTIONS 0  BLOCKED FUNCTIONS 23
blocked (declared, not a pass, not a failure):
  nfl/tests/test_appearance_team_scope.py::test_i_byte_identity_against_a_pristine_baseline
  nfl/tests/test_c3_credit_halt_transport.py::test_a_refused_c3_credit_is_visible_in_what_was_sealed
  nfl/tests/test_capture_obligations.py::test_M2_that_a_cron_actually_fired_cannot_be_proven_here
  nfl/tests/test_capture_obligations.py::test_M_a_live_source_fetch_cannot_be_proven_here
  nfl/tests/test_live_capture_den_kc.py::test_b_ruling_3_retention_is_complete_for_tonight_s_capture
  nfl/tests/test_live_capture_den_kc.py::test_c_a_gitignored_sole_home_would_not_satisfy_ruling_3
  nfl/tests/test_live_capture_den_kc.py::test_d_every_digest_rehashes_to_the_bytes_on_disk
  nfl/tests/test_live_capture_den_kc.py::test_e_the_retained_raw_depth_chart_is_the_full_series_not_one_slice
  nfl/tests/test_live_capture_den_kc.py::test_h_selection_does_not_move_when_mtime_is_made_misleading
  nfl/tests/test_live_capture_den_kc.py::test_i_every_capture_preserves_the_nine_required_fields
  nfl/tests/test_live_capture_den_kc.py::test_j_the_mirror_does_not_occupy_the_governing_slot_silently
  nfl/tests/test_live_capture_den_kc.py::test_l_the_sportsbook_columns_are_populated_and_provably_excluded
  nfl/tests/test_live_capture_den_kc.py::test_m_the_market_proof_fails_when_a_market_value_is_planted
  nfl/tests/test_live_capture_den_kc.py::test_n_the_market_is_still_retained_in_the_raw_bytes
  nfl/tests/test_live_capture_den_kc.py::test_o_the_earliest_lawful_cutoff_is_reported_and_binding
  nfl/tests/test_participant_class.py::test_d_a_week_one_inactive_is_not_a_week_two_exclusion
  nfl/tests/test_passer_credit_migration.py::test_b_every_scanned_board_is_a_box_score_after_the_migration
  nfl/tests/test_passer_credit_migration.py::test_c_the_rushing_identity_is_not_repair_5s_and_is_still_red
  nfl/tests/test_passer_credit_migration.py::test_d_a_board_the_replacement_refuses_is_declared_by_name
  nfl/tests/test_passer_credit_migration.py::test_f_the_migration_is_deterministic_and_rewrites_only_three_matrices
  nfl/tests/test_pool_audit.py::test_k_the_appearance_gate_is_per_game_not_per_player
  nfl/tests/test_preflight.py::test_E_it_notices_a_moved_window
  nfl/tests/test_preflight.py::test_F_it_would_notice_a_premature_cover

RAISED nfl/tests/test_appearance_candidate_b.py::test_zz_every_check_passed
Traceback (most recent call last):
  File "/home/user/nfl/nfl/tests/run_suite.py", line 184, in main
    getattr(mod, n)()
  File "/home/user/nfl/nfl/tests/test_appearance_candidate_b.py", line 401, in test_zz_every_check_passed
    raise AssertionError(f'{FAILED} check(s) failed in this module')
AssertionError: 1 check(s) failed in this module


CHECKS nfl/tests/test_appearance_candidate_b.py: 1 failing check(s)
    FAIL layers.py still hashes to Q9's frozen identity  b081a5b2fa45be25

RAISED nfl/tests/test_appearance_team_scope.py::test_zz_every_check_passed
Traceback (most recent call last):
  File "/home/user/nfl/nfl/tests/run_suite.py", line 184, in main
    getattr(mod, n)()
  File "/home/user/nfl/nfl/tests/test_appearance_team_scope.py", line 669, in test_zz_every_check_passed
    raise AssertionError(f'{FAILED} check(s) failed')
AssertionError: 1 check(s) failed


CHECKS nfl/tests/test_appearance_team_scope.py: 1 failing check(s)
    FAIL layers.py still hashes to the Q9 frozen candidate identity  b081a5b2fa45be2530459aabfd775bb45424c69419eacf05dfc12ea66f59a3e8 != 481f005f682cd72129e6bf02e55cba86913ddffd7d88367743c616e3e11c0108

RAISED nfl/tests/test_c1_denominator.py::test_zz_every_check_passed
Traceback (most recent call last):
  File "/home/user/nfl/nfl/tests/run_suite.py", line 184, in main
    getattr(mod, n)()
  File "/home/user/nfl/nfl/tests/test_c1_denominator.py", line 183, in test_zz_every_check_passed
    raise AssertionError(f'{FAILED} check(s) failed in this module')
AssertionError: 1 check(s) failed in this module


CHECKS nfl/tests/test_c1_denominator.py: 1 failing check(s)
    FAIL   so the sealed Q9 candidate identity still reproduces  82c8b52699bbeb00

CHECKS nfl/tests/test_capture_obligations.py: 2 failing check(s)
    FAIL   and its game-anchored rows are reported as uncredited evidence  21
    FAIL   and not one reads as a content mismatch  ['PERSISTED_CONTENT_SHA256_MISMATCH', 'PERSISTED_DIGEST_ABSENT_HISTORICAL', 'RAW_ARTIFACT_MISSING_ON_DISK', 'SOURCE_HAS_NO_ROWS_YET']

CHECKS nfl/tests/test_conservation.py: 3 failing check(s)
    FAIL sealed runs were found -- a scan over zero boards is not a clean scan  114
    FAIL   fced077d0db6ab41 produced a state the fence cannot score  CONSERVATION_RUN_INCOMPLETE
    FAIL   post_inactives_V1_CANDIDATE_R9_W1P_GA_OFFICIAL produced a state the fence cannot score  CONSERVATION_RUN_INCOMPLETE

CHECKS nfl/tests/test_determinism_proof.py: 1 failing check(s)
    FAIL  no module outside nfl/identity/ CALLS git for working-tree state -- ['sportsplatform/governance/commit_claim.py']

RAISED nfl/tests/test_draw_coherence.py::test_every_sealed_artifact_is_rescanned_against_the_frozen_baseline
Traceback (most recent call last):
  File "/home/user/nfl/nfl/tests/run_suite.py", line 184, in main
    getattr(mod, n)()
  File "/home/user/nfl/nfl/tests/test_draw_coherence.py", line 652, in test_every_sealed_artifact_is_rescanned_against_the_frozen_baseline
    man, arrays, rows = _load(npz)
                        ^^^^^^^^^^
  File "/home/user/nfl/nfl/tests/test_draw_coherence.py", line 262, in _load
    board = json.load(open(d / 'board.json'))
                      ^^^^^^^^^^^^^^^^^^^^^^
FileNotFoundError: [Errno 2] No such file or directory: '/home/user/nfl/nfl/research/live/2026_02_DET_BUF/post_inactives_V1_CANDIDATE/fced077d0db6ab41/board.json'


RAISED nfl/tests/test_draw_coherence.py::test_negative_yardage_is_left_alone_and_the_reason_is_measured
Traceback (most recent call last):
  File "/home/user/nfl/nfl/tests/run_suite.py", line 184, in main
    getattr(mod, n)()
  File "/home/user/nfl/nfl/tests/test_draw_coherence.py", line 752, in test_negative_yardage_is_left_alone_and_the_reason_is_measured
    man, arrays, _rows = _load(npz)
                         ^^^^^^^^^^
  File "/home/user/nfl/nfl/tests/test_draw_coherence.py", line 262, in _load
    board = json.load(open(d / 'board.json'))
                      ^^^^^^^^^^^^^^^^^^^^^^
FileNotFoundError: [Errno 2] No such file or directory: '/home/user/nfl/nfl/research/live/2026_02_DET_BUF/post_inactives_V1_CANDIDATE/fced077d0db6ab41/board.json'


RAISED nfl/tests/test_draw_coherence.py::test_the_incumbent_scheme_produces_the_impossible_states_and_the_new_one_does_not
Traceback (most recent call last):
  File "/home/user/nfl/nfl/tests/run_suite.py", line 184, in main
    getattr(mod, n)()
  File "/home/user/nfl/nfl/tests/test_draw_coherence.py", line 553, in test_the_incumbent_scheme_produces_the_impossible_states_and_the_new_one_does_not
    man, arrays, rows = _load(npz)
                        ^^^^^^^^^^
  File "/home/user/nfl/nfl/tests/test_draw_coherence.py", line 262, in _load
    board = json.load(open(d / 'board.json'))
                      ^^^^^^^^^^^^^^^^^^^^^^
FileNotFoundError: [Errno 2] No such file or directory: '/home/user/nfl/nfl/research/live/2026_02_DET_BUF/post_inactives_V1_CANDIDATE/fced077d0db6ab41/board.json'


CHECKS nfl/tests/test_draw_coherence.py: 1 failing check(s)
    FAIL the engine no longer CALLS the incumbent credit (the name still appears, in the replacement's docstring, naming what it replaces)  

RAISED nfl/tests/test_football_engine_r4.py::test_zz_every_check_passed
Traceback (most recent call last):
  File "/home/user/nfl/nfl/tests/run_suite.py", line 184, in main
    getattr(mod, n)()
  File "/home/user/nfl/nfl/tests/test_football_engine_r4.py", line 591, in test_zz_every_check_passed
    raise AssertionError(f'{FAILED} check(s) failed in this module')
AssertionError: 2 check(s) failed in this module


CHECKS nfl/tests/test_football_engine_r4.py: 2 failing check(s)
    FAIL a clock that excludes every capture reports ABSENCE, not a chronology failure  READY_BY_EARLY_VINTAGE_NO_LEAGUE_REPORT
    FAIL   the same holds for a written_at cut  READY_BY_EARLY_VINTAGE_NO_LEAGUE_REPORT

RAISED nfl/tests/test_full_slate_rehearsal.py::test_zz_every_check_passed
Traceback (most recent call last):
  File "/home/user/nfl/nfl/tests/run_suite.py", line 184, in main
    getattr(mod, n)()
  File "/home/user/nfl/nfl/tests/test_full_slate_rehearsal.py", line 188, in test_zz_every_check_passed
    raise AssertionError(f'{FAILED} check(s) failed in this module')
AssertionError: 1 check(s) failed in this module


CHECKS nfl/tests/test_full_slate_rehearsal.py: 1 failing check(s)
    FAIL   and no game reports an unnamed failure  [[{'stage': 'feature_build', 'code': 'STAGE_DECLARED_UNIMPLEMENTED', 'category': 'OTHER_NAMED', 'detail': "feature_build: the accepted research baseline 'prior-only, ordinal prefix cut' has no production implementation. Declared as debt rather than reported as a successful forecast."}]]

CHECKS nfl/tests/test_governance_transport.py: 1 failing check(s)
    FAIL both TD layers declare HOLD_TENTATIVE  3

RAISED nfl/tests/test_harness_audit.py::test_zz_every_check_passed
Traceback (most recent call last):
  File "/home/user/nfl/nfl/tests/run_suite.py", line 184, in main
    getattr(mod, n)()
  File "/home/user/nfl/nfl/tests/test_harness_audit.py", line 187, in test_zz_every_check_passed
    raise AssertionError(f'{FAILED} check(s) failed in this module')
AssertionError: 1 check(s) failed in this module


CHECKS nfl/tests/test_harness_audit.py: 1 failing check(s)
    FAIL   and no module has zero test functions  3

CHECKS nfl/tests/test_inactives_substance.py: 2 failing check(s)
    FAIL every one carries the page's own empty-state sentence  40 of 43
    FAIL the 18 delivered game-anchored rows stay visible as uncredited  21

RAISED nfl/tests/test_live_capture_den_kc.py::test_zz_every_check_passed
Traceback (most recent call last):
  File "/home/user/nfl/nfl/tests/run_suite.py", line 184, in main
    getattr(mod, n)()
  File "/home/user/nfl/nfl/tests/test_live_capture_den_kc.py", line 638, in test_zz_every_check_passed
    raise AssertionError(f'{FAILED} failing check(s)')
AssertionError: 1 failing check(s)


CHECKS nfl/tests/test_live_capture_den_kc.py: 1 failing check(s)
    FAIL the bundle builds at the cutoff  FAIL[ARTIFACT_VERIFICATION_FAILED] 2026_01_DEN_KC: ['schedules'] have manifest rows whose digests do not match the bytes on disk.

RAISED nfl/tests/test_nonqb_r3.py::test_zz_every_check_passed
Traceback (most recent call last):
  File "/home/user/nfl/nfl/tests/run_suite.py", line 184, in main
    getattr(mod, n)()
  File "/home/user/nfl/nfl/tests/test_nonqb_r3.py", line 788, in test_zz_every_check_passed
    raise AssertionError(f'{FAILED} check(s) failed in this module')
AssertionError: 1 check(s) failed in this module


CHECKS nfl/tests/test_nonqb_r3.py: 1 failing check(s)
    FAIL   rushing_conversion is declared NOT_IMPLEMENTED rather than left blank  

RAISED nfl/tests/test_p1_appearance_repair.py::test_zz_every_check_passed
Traceback (most recent call last):
  File "/home/user/nfl/nfl/tests/run_suite.py", line 184, in main
    getattr(mod, n)()
  File "/home/user/nfl/nfl/tests/test_p1_appearance_repair.py", line 379, in test_zz_every_check_passed
    raise AssertionError(f'{FAILED} check(s) failed in this module')
AssertionError: 1 check(s) failed in this module


CHECKS nfl/tests/test_p1_appearance_repair.py: 1 failing check(s)
    FAIL layers.py is byte-identical to the frozen hash  b081a5b2fa45be25

RAISED nfl/tests/test_p6_false_greens.py::test_zz_every_check_passed
Traceback (most recent call last):
  File "/home/user/nfl/nfl/tests/run_suite.py", line 184, in main
    getattr(mod, n)()
  File "/home/user/nfl/nfl/tests/test_p6_false_greens.py", line 785, in test_zz_every_check_passed
    raise AssertionError(
AssertionError: 18 P6 reproduction(s) are still failing. That is the reported state of the repository, not a defect in this file. See nfl/research/v4/p6/P6_INVARIANT_MANIFEST.md.


CHECKS nfl/tests/test_p6_false_greens.py: 18 failing check(s)
    FAIL the one-level glob these three modules use finds every sealed board  ONE_LEVEL_GLOB_NARROWS_THE_FRAME: 107 of 124; missed ['2026_01_SF_LA/pre_inactives_V1_CANDIDATE/board.json', '2026_01_SF_LA/pre_inactives_V1_CANDIDATE_R5/board.json', '2026_01_SF_LA/pre_inactives_V1_CANDIDATE_R6/board.json', '2026_01_SF_LA/pre_inactives_V1_CANDIDATE_R7/board.json', '2026_01_SF_LA/pre_inactives_V1_CANDIDATE_R8/board.json', 'REPLAY_C1/18ec200fdf1a6337/board.json']
    FAIL   and every R8 board in particular  R8_BOARDS_MISSED: 65 of 66
    FAIL   nfl/research/same_day_retrospective.py no longer hard-codes one level  FIXED_DEPTH_BOARD_GLOB still present
    FAIL   nfl/research/v2/d7/d7_central_tendency.py no longer hard-codes one level  FIXED_DEPTH_BOARD_GLOB still present
    FAIL   nfl/research/market_outcome_audit.py no longer hard-codes one level  FIXED_DEPTH_BOARD_GLOB still present
    FAIL SF_LA is not the one game in the slate with a single seal, while ten boards sit in its directory  ALL_SEALS_IS_NOT_ALL_SEALS: SF_LA contributes 1 seal(s) against 4-8 elsewhere, with 10 board.json on disk
    FAIL   Q6_DIAGNOSTICS.csv.gz:recon_error is not a constant column  CONSTANT_RECONCILIATION_STATISTIC: '0.0' on 276968 rows
    FAIL   Q9B_FAMILY_ROWS.csv.gz:recon_error is not a constant column  CONSTANT_RECONCILIATION_STATISTIC: '0.0' on 104130 rows
    FAIL   Q9_DIAGNOSTICS.csv:max_reconciliation_error is not a constant column  CONSTANT_RECONCILIATION_STATISTIC: '0.0' on 4348 rows
    FAIL state_qb_game.csv.gz:scrambles is not structurally constant  STRUCTURALLY_DEGENERATE_COLUMN: '0' in 4023 of 4024 rows. build_state_panel.py:160 counts qb_scramble against passer_player_id, which a scramble play does not carry
    FAIL starter_class carries a value  EMPTY_PUBLISHED_COLUMN: '' in 21558 of 21558 rows. panel_csv() writes r.get("starter_class", "") and refbands.py:493 assigns the key later, so the default is what ships.
    FAIL no other module reads the superseded panel  SUPERSEDED_ARTIFACT_STILL_READ: v3/h1/h1_frame.py reads q7_qb_game.csv.gz, whose scramble column q7 repaired into q7_qb_game_r2.csv.gz. Q7_PANEL_SUPERSESSION.json lists the artifacts drawn from the old panel and does not list the code still reading it.
    FAIL every "fails when bypassed" proof reaches the code it claims to prove load-bearing  TAUTOLOGICAL_BYPASS_PROOF: nfl/tests/test_capture_manifest_integrity.py::test_the_guards_fail_when_bypassed [3 literal-vs-literal comparison(s), reaches no production alias of ['CV']]; nfl/tests/test_own10_dependence_metric.py::test_the_guard_fails_when_bypassed [0 literal-vs-literal comparison(s), reaches no production alias of ['A', 'A2']]; nfl/tests/test_own10_dependence_metric.py::test_the_withdrawn_number_guard_fails_when_bypassed [0 literal-vs-literal comparison(s), reaches no production alias of ['A', 'A2']]; nfl/tests/test_v1_composition_fidelity.py::test_the_guard_fails_when_bypassed [0 literal-vs-literal comparison(s), reaches no production alias of ['QBACC', 'State']]; nfl/tests/test_v1_entrypoint_integration.py::test_the_guards_fail_when_bypassed [2 literal-vs-literal comparison(s), reaches no production alias of []]; nfl/tests/test_v1_game_stream_separation.py::test_the_guard_fails_when_bypassed [0 literal-vs-literal comparison(s), reaches no production alias of ['LY', 'SEEDS', 'State']]
    FAIL the stream-separation bypass proof calls the production seeding it claims to prove  TAUTOLOGICAL_BYPASS_PROOF: it calls ['array_equal', 'binomial', 'check', 'default_rng'] and reaches no production seeding path
    FAIL a required stage moved past the window is still caught  NEGATIVE_WINDOW_NARROWS_SILENTLY: the seeded chain declares 'qb_layer' non-halting at character 511 and the 220-character window reports []. The halting guarantee is proven by a substring search over a region that shrinks relative to what it must cover.
    FAIL the 3000-character staging window covers exactly the function it names  WINDOW_DOES_NOT_MATCH_ITS_SUBJECT: stage_inputs is 1680 characters, so the window under-covers it when it grows past 3000 (a new mkdtemp beyond that is invisible) and today over-covers it by 1320 characters of neighbouring functions
    FAIL   nfl.production.nonqb.layers still hashes to what the freeze recorded  FREEZE_NO_LONGER_DESCRIBES_THE_CANDIDATE: recorded 481f005f682cd721, source now b081a5b2fa45be25
    FAIL there exists a class-count vector for which a stat-contract identity fails  SELF_PROVING_IDENTITY: all three identities held on 2000 of 2000 RANDOM count vectors, including vectors no play stream could produce. The check restates AGGREGATES rather than testing anything the rows decided.

CHECKS nfl/tests/test_p7_data_plane.py: 2 failing check(s)
    FAIL every source with a stored capture is declared somewhere
    FAIL the two delivered sources are declared OUTSIDE the fetch registry, so no capture obligation is manufactured for an artifact with no endpoint

RAISED nfl/tests/test_p8_tails_and_counts.py::test_g_the_carry_defect_is_measured_and_its_stated_shape_is_corrected
Traceback (most recent call last):
  File "/home/user/nfl/nfl/tests/run_suite.py", line 184, in main
    getattr(mod, n)()
  File "/home/user/nfl/nfl/tests/test_p8_tails_and_counts.py", line 408, in test_g_the_carry_defect_is_measured_and_its_stated_shape_is_corrected
    doc = json.loads((p.parent / 'board.json').read_text())
                     ^^^^^^^^^^^^^^^^^^^^^^^^^^^^^^^^^^^^^
  File "/usr/lib/python3.12/pathlib.py", line 1029, in read_text
    with self.open(mode='r', encoding=encoding, errors=errors) as f:
         ^^^^^^^^^^^^^^^^^^^^^^^^^^^^^^^^^^^^^^^^^^^^^^^^^^^^^
FileNotFoundError: [Errno 2] No such file or directory: '/home/user/nfl/nfl/research/live/2026_02_DET_BUF/post_inactives_V1_CANDIDATE_R9_W1P_GA_OFFICIAL/board.json'


CHECKS nfl/tests/test_participant_class.py: 1 failing check(s)
    FAIL   while an active player does carry one  

RAISED nfl/tests/test_publication_semantics.py::test_zz_every_check_passed
Traceback (most recent call last):
  File "/home/user/nfl/nfl/tests/run_suite.py", line 184, in main
    getattr(mod, n)()
  File "/home/user/nfl/nfl/tests/test_publication_semantics.py", line 447, in test_zz_every_check_passed
    raise AssertionError(f'{FAILED} check(s) failed in this module')
AssertionError: 1 check(s) failed in this module


CHECKS nfl/tests/test_publication_semantics.py: 1 failing check(s)
    FAIL no board loaded with an error  [('/home/user/nfl/nfl/research/live/2026_02_DET_BUF/post_inactives_V1_CANDIDATE/fced077d0db6ab41', "FileNotFoundError(2, 'No such file or directory')"), ('/home/user/nfl/nfl/research/live/2026_02_DET_BUF/post_inactives_V1_CANDIDATE_R9_W1P_GA_OFFICIAL', "FileNotFoundError(2, 'No such file or directory')")]

RAISED nfl/tests/test_q9_live_feature_builder.py::test_zz_every_check_passed
Traceback (most recent call last):
  File "/home/user/nfl/nfl/tests/run_suite.py", line 184, in main
    getattr(mod, n)()
  File "/home/user/nfl/nfl/tests/test_q9_live_feature_builder.py", line 1461, in test_zz_every_check_passed
    raise AssertionError(f'{FAILED} check(s) failed in this module')
AssertionError: 5 check(s) failed in this module


CHECKS nfl/tests/test_q9_live_feature_builder.py: 5 failing check(s)
    FAIL   and on the in-window comparison, which both spans cover whole  record 482/0 vs run 481/0
    FAIL   2024_01_ARI_BUF/ARI: no candidate drift
    FAIL   2024_01_ARI_BUF/BUF: no candidate drift
    FAIL   2025_01_ARI_NO/ARI: no candidate drift
    FAIL   2025_01_ARI_NO/NO: no candidate drift

RAISED nfl/tests/test_qb_eligibility_den_kc.py::test_zz_every_check_passed
Traceback (most recent call last):
  File "/home/user/nfl/nfl/tests/run_suite.py", line 184, in main
    getattr(mod, n)()
  File "/home/user/nfl/nfl/tests/test_qb_eligibility_den_kc.py", line 261, in test_zz_every_check_passed
    raise AssertionError(f'{FAILED} check(s) failed in this module')
AssertionError: 2 check(s) failed in this module


CHECKS nfl/tests/test_qb_eligibility_den_kc.py: 2 failing check(s)
    FAIL nfl/production/nonqb/layers.py is still the Q9-frozen artifact  b081a5b2fa45be25 != 481f005f682cd721
    FAIL   a status refusal is returned, not swallowed  

RAISED nfl/tests/test_r5_active_pool.py::test_zz_every_check_passed
Traceback (most recent call last):
  File "/home/user/nfl/nfl/tests/run_suite.py", line 184, in main
    getattr(mod, n)()
  File "/home/user/nfl/nfl/tests/test_r5_active_pool.py", line 164, in test_zz_every_check_passed
    raise AssertionError(f'{FAILED} check(s) failed in this module')
AssertionError: 2 check(s) failed in this module


CHECKS nfl/tests/test_r5_active_pool.py: 2 failing check(s)
    FAIL the R5 branch returns a fatal on a status refusal  
    FAIL   it never falls back to the unfiltered list  

RAISED nfl/tests/test_readiness_vintage_cut.py::test_zz_every_check_passed
Traceback (most recent call last):
  File "/home/user/nfl/nfl/tests/run_suite.py", line 184, in main
    getattr(mod, n)()
  File "/home/user/nfl/nfl/tests/test_readiness_vintage_cut.py", line 198, in test_zz_every_check_passed
    raise AssertionError(f'{FAILED} check(s) failed in this module')
AssertionError: 2 check(s) failed in this module


CHECKS nfl/tests/test_readiness_vintage_cut.py: 2 failing check(s)
    FAIL a clock before every capture reports ABSENCE  READY_BY_EARLY_VINTAGE_NO_LEAGUE_REPORT
    FAIL   and it never reads absence as "nobody is injured"  NO club has an injuries row for 2026 week 1 in any capture retrieved at or befor

CHECKS nfl/tests/test_replay_pins_its_inputs.py: 1 failing check(s)
    FAIL inputs.bundle can be given the partitions to reproduce  REPLAY_RE_SELECTS: its parameters are ['kickoff_utc', 'written_at', 'sources']. None of them accepts a recorded input set, so every call re-runs selection against whatever the manifest holds TODAY. A clock BOUNDS selection; only the recorded partitions DETERMINE it. The seal stores the answer and nothing can consume it. See D23.

RAISED nfl/tests/test_sc2_interception_reservation.py::test_zz_every_check_passed
Traceback (most recent call last):
  File "/home/user/nfl/nfl/tests/run_suite.py", line 184, in main
    getattr(mod, n)()
  File "/home/user/nfl/nfl/tests/test_sc2_interception_reservation.py", line 291, in test_zz_every_check_passed
    raise AssertionError(f'{FAILED} check(s) failed in this module')
AssertionError: 1 check(s) failed in this module


CHECKS nfl/tests/test_sc2_interception_reservation.py: 1 failing check(s)
  FAIL the_injected_week1_population_matches_the_fitted_one :: fitted base rate 0.5390 on 4176 week-1 frame row(s) against injected 0.9265 on 422 row(s), gap 0.3875. KNOWN OPEN: the panel is built from snap counts and the frame from the panel UNION the depth chart, so a healthy scratch has a row in one and none in the other. See nfl/research/sc2/W1_PANEL_SURVIVORSHIP.md

RAISED nfl/tests/test_sealed_corpus_census.py::test_zz_every_check_passed
Traceback (most recent call last):
  File "/home/user/nfl/nfl/tests/run_suite.py", line 184, in main
    getattr(mod, n)()
  File "/home/user/nfl/nfl/tests/test_sealed_corpus_census.py", line 146, in test_zz_every_check_passed
    raise AssertionError(f'{FAILED} check(s) failed in this module')
AssertionError: 1 check(s) failed in this module


CHECKS nfl/tests/test_sealed_corpus_census.py: 1 failing check(s)
    FAIL every directory holding sealed draws is discovered by content  2026_02_DET_BUF/post_inactives_V1_CANDIDATE/fced077d0db6ab41, 2026_02_DET_BUF/post_inactives_V1_CANDIDATE_R9_W1P_GA_OFFICIAL

CHECKS nfl/tests/test_stat_contract.py: 2 failing check(s)
    FAIL 114 sealed run(s) carry 543000 carry cell(s)  114 runs, 543000 cells
    FAIL   243766 of them are non-integer (50.04%) -- the defect, fenced at its measured size  got 271691

CHECKS nfl/tests/test_v1_rushing_a1.py: 3 failing check(s)
    FAIL an absent source BLOCKS  A1_PBP_SOURCES
    FAIL with cause DATA  
    FAIL and it names the exact fields it needs  
SUITE FAIL
