== 2022  n=8092 G=542 ==
  baseline vs p4c_results.json: PASS |diff| 0.00e+00 sha256 5d8d34c22c01
  all-oracle identity error 5.15e-08 (tolerance 1e-04) -> OK
  participation coverage 100.000%, P_hat clipped at floor 0.198%
  corner           CRPS  reduction       %
  BASELINE       0.9428     0.0000    0.0%
  O_A            0.8017     0.1412   15.0%
  O_P            0.7486     0.1942   20.6%
  O_R            0.5930     0.3498   37.1%
  O_T            0.8887     0.0541    5.7%
  O_A_P          0.6997     0.2431   25.8%
  O_A_R          0.5762     0.3666   38.9%
  O_A_T          0.7392     0.2036   21.6%
  O_P_R          0.4095     0.5333   56.6%
  O_P_T          0.6820     0.2608   27.7%
  O_R_T          0.4957     0.4471   47.4%
  O_A_P_R        0.3024     0.6404   67.9%
  O_A_P_T        0.6323     0.3105   32.9%
  O_A_R_T        0.5555     0.3873   41.1%
  O_P_R_T        0.1994     0.7434   78.9%
  O_A_P_R_T      0.0000     0.9428  100.0%
  Shapley: A=0.1111 (11.8%)  T=0.1328 (14.1%)  P=0.2849 (30.2%)  R=0.4140 (43.9%)

== 2023  n=7840 G=544 ==
  baseline vs p4c_results.json: PASS |diff| 0.00e+00 sha256 5d8d34c22c01
  all-oracle identity error 4.71e-08 (tolerance 1e-04) -> OK
  participation coverage 100.000%, P_hat clipped at floor 0.089%
  corner           CRPS  reduction       %
  BASELINE       0.9269     0.0000    0.0%
  O_A            0.8067     0.1201   13.0%
  O_P            0.7619     0.1650   17.8%
  O_R            0.5623     0.3646   39.3%
  O_T            0.8772     0.0497    5.4%
  O_A_P          0.7243     0.2025   21.9%
  O_A_R          0.5359     0.3910   42.2%
  O_A_T          0.7480     0.1789   19.3%
  O_P_R          0.3789     0.5479   59.1%
  O_P_T          0.7033     0.2236   24.1%
  O_R_T          0.4840     0.4429   47.8%
  O_A_P_R        0.2866     0.6402   69.1%
  O_A_P_T        0.6609     0.2660   28.7%
  O_A_R_T        0.5302     0.3966   42.8%
  O_P_R_T        0.1805     0.7464   80.5%
  O_A_P_R_T      0.0000     0.9269  100.0%
  Shapley: A=0.0986 (10.6%)  T=0.1227 (13.2%)  P=0.2638 (28.5%)  R=0.4418 (47.7%)

== 2024  n=7743 G=544 ==
  baseline vs p4c_results.json: PASS |diff| 0.00e+00 sha256 5d8d34c22c01
  all-oracle identity error 4.74e-08 (tolerance 1e-04) -> OK
  participation coverage 100.000%, P_hat clipped at floor 0.258%
  corner           CRPS  reduction       %
  BASELINE       0.9221     0.0000    0.0%
  O_A            0.8089     0.1131   12.3%
  O_P            0.7607     0.1614   17.5%
  O_R            0.5563     0.3657   39.7%
  O_T            0.8679     0.0541    5.9%
  O_A_P          0.7297     0.1924   20.9%
  O_A_R          0.5310     0.3911   42.4%
  O_A_T          0.7467     0.1754   19.0%
  O_P_R          0.3887     0.5334   57.8%
  O_P_T          0.6924     0.2296   24.9%
  O_R_T          0.4676     0.4545   49.3%
  O_A_P_R        0.3045     0.6175   67.0%
  O_A_P_T        0.6584     0.2636   28.6%
  O_A_R_T        0.5123     0.4098   44.4%
  O_P_R_T        0.1685     0.7536   81.7%
  O_A_P_R_T      0.0000     0.9221  100.0%
  Shapley: A=0.0913 ( 9.9%)  T=0.1338 (14.5%)  P=0.2548 (27.6%)  R=0.4422 (48.0%)

== 2025  n=7768 G=544 ==
  baseline vs p4c_results.json: PASS |diff| 0.00e+00 sha256 5d8d34c22c01
  all-oracle identity error 5.17e-08 (tolerance 1e-04) -> OK
  participation coverage 100.000%, P_hat clipped at floor 0.348%
  corner           CRPS  reduction       %
  BASELINE       0.9520     0.0000    0.0%
  O_A            0.7709     0.1811   19.0%
  O_P            0.7516     0.2004   21.1%
  O_R            0.5812     0.3708   39.0%
  O_T            0.9021     0.0499    5.2%
  O_A_P          0.6950     0.2570   27.0%
  O_A_R          0.5299     0.4221   44.3%
  O_A_T          0.7089     0.2431   25.5%
  O_P_R          0.4206     0.5314   55.8%
  O_P_T          0.6889     0.2631   27.6%
  O_R_T          0.4875     0.4645   48.8%
  O_A_P_R        0.2966     0.6554   68.8%
  O_A_P_T        0.6306     0.3214   33.8%
  O_A_R_T        0.5074     0.4446   46.7%
  O_P_R_T        0.2204     0.7316   76.9%
  O_A_P_R_T      0.0000     0.9520  100.0%
  Shapley: A=0.1390 (14.6%)  T=0.1287 (13.5%)  P=0.2627 (27.6%)  R=0.4216 (44.3%)

== pooled Shapley share of total reduction ==
  A:  11.7%  -> MEDIUM
  T:  13.8%  -> MEDIUM
  P:  28.5%  -> MEDIUM
  R:  46.0%  -> LARGE

done in 49s -> s4_results.json
