
2022 n=2365 G=542 pooled ypc=4.2907 k(player)=80/80/20
  A            CRPS  10.2990 MAE  16.039 r +0.689 rPIT    15.0 cov90 0.940 fam emp_tilt
  B            CRPS  10.2007 MAE  15.914 r +0.694 rPIT    14.0 cov90 0.939 fam emp_shift
  C            CRPS  10.2003 MAE  15.910 r +0.694 rPIT    14.7 cov90 0.939 fam emp_shift
  D            CRPS  10.1946 MAE  15.923 r +0.694 rPIT    16.6 cov90 0.939 fam emp_shift
  E            CRPS  10.1942 MAE  15.918 r +0.694 rPIT    15.9 cov90 0.940 fam emp_shift
  O_carries    CRPS   4.9886 MAE   6.955 r +0.910 rPIT    18.3 cov90 0.951 fam -
  O_eff        CRPS   8.6458 MAE  13.158 r +0.800 rPIT   115.2 cov90 0.982 fam -
  O_explosive  CRPS   9.4591 MAE  14.655 r +0.752 rPIT    17.4 cov90 0.953 fam -
  O_all        CRPS   2.0620 MAE   0.240 r +1.000 rPIT  3398.3 cov90 1.000 fam -
  chosen=E

2023 n=2255 G=544 pooled ypc=4.3167 k(player)=40/80/20
  A            CRPS  10.0703 MAE  15.635 r +0.658 rPIT    27.3 cov90 0.947 fam mix3
  B            CRPS   9.9810 MAE  15.505 r +0.666 rPIT    31.0 cov90 0.948 fam emp_shift
  C            CRPS   9.9727 MAE  15.487 r +0.667 rPIT    31.1 cov90 0.948 fam emp_shift
  D            CRPS   9.9841 MAE  15.515 r +0.666 rPIT    32.8 cov90 0.948 fam emp_shift
  E            CRPS   9.9753 MAE  15.497 r +0.667 rPIT    31.1 cov90 0.948 fam emp_shift
  O_carries    CRPS   4.9163 MAE   7.019 r +0.903 rPIT    28.7 cov90 0.955 fam -
  O_eff        CRPS   8.6037 MAE  12.783 r +0.774 rPIT   110.1 cov90 0.976 fam -
  O_explosive  CRPS   9.2349 MAE  14.062 r +0.721 rPIT    21.9 cov90 0.950 fam -
  O_all        CRPS   2.1555 MAE   0.247 r +1.000 rPIT  3741.0 cov90 1.000 fam -
  chosen=C

2024 n=2166 G=544 pooled ypc=4.3009 k(player)=40/80/20
  A            CRPS  11.2331 MAE  17.082 r +0.669 rPIT    13.6 cov90 0.938 fam mix3
  B            CRPS  11.1185 MAE  16.940 r +0.677 rPIT    18.0 cov90 0.937 fam emp_shift
  C            CRPS  11.1238 MAE  16.926 r +0.676 rPIT    18.3 cov90 0.936 fam emp_shift
  D            CRPS  11.1165 MAE  16.952 r +0.677 rPIT    17.5 cov90 0.938 fam emp_shift
  E            CRPS  11.1218 MAE  16.939 r +0.677 rPIT    18.2 cov90 0.936 fam emp_shift
  O_carries    CRPS   5.3824 MAE   7.571 r +0.911 rPIT     7.1 cov90 0.949 fam -
  O_eff        CRPS   9.3395 MAE  13.689 r +0.794 rPIT   116.1 cov90 0.975 fam -
  O_explosive  CRPS  10.3236 MAE  15.479 r +0.724 rPIT    11.7 cov90 0.939 fam -
  O_all        CRPS   2.2378 MAE   0.261 r +1.000 rPIT  3946.2 cov90 1.000 fam -
  chosen=D

2025 n=2174 G=544 pooled ypc=4.3166 k(player)=80/80/20
  A            CRPS  10.9515 MAE  16.704 r +0.662 rPIT    10.8 cov90 0.936 fam emp_tilt
  B            CRPS  10.8572 MAE  16.555 r +0.670 rPIT    12.7 cov90 0.932 fam emp_shift
  C            CRPS  10.8538 MAE  16.545 r +0.670 rPIT    13.0 cov90 0.932 fam emp_shift
  D            CRPS  10.8515 MAE  16.558 r +0.671 rPIT    12.9 cov90 0.933 fam emp_shift
  E            CRPS  10.8476 MAE  16.547 r +0.671 rPIT    14.0 cov90 0.932 fam emp_shift
  O_carries    CRPS   5.5963 MAE   7.850 r +0.888 rPIT     9.7 cov90 0.945 fam -
  O_eff        CRPS   9.0665 MAE  13.376 r +0.798 rPIT    91.8 cov90 0.971 fam -
  O_explosive  CRPS  10.0443 MAE  15.206 r +0.725 rPIT     6.3 cov90 0.937 fam -
  O_all        CRPS   2.2146 MAE   0.267 r +1.000 rPIT  3821.2 cov90 1.000 fam -
  chosen=E

done in 120s -> p5a_results.json
