== sub-populations (outcome used to LABEL only) ==
  bucket                         n        P4C   MPR_ONLY    MC_ONLY   ABC_ONLY    ABC_MPR
  --- bias ---
  established                 6872     -0.091     +0.049     -0.094     -0.140     -0.038
  fringe_nonappearance         809     +1.099     +0.777     +1.109     +1.225     +1.014
  veteran_low_recent_usage     754     +0.577     -0.351     +0.598     +0.692     -0.061
  low_history_other            240     +0.927     +0.498     +0.947     +1.318     +1.130
  returning_from_absence       147     -1.224     -1.595     -1.216     -1.066     -1.217
  true_emerging                134     -5.196     -5.267     -5.182     -4.720     -4.642
  first_history                  4     +2.735     +2.829     +2.740     +1.388     +1.346
  --- crps ---
  established                 6872     2.3754     2.3728     2.3764     2.3502     2.3430
  fringe_nonappearance         809     0.2458     0.1760     0.2497     0.2967     0.2485
  veteran_low_recent_usage     754     0.6472     0.5882     0.6523     0.6457     0.5535
  low_history_other            240     0.8970     0.9333     0.8974     0.9734     0.9560
  returning_from_absence       147     1.8133     1.9415     1.8085     1.7637     1.7847
  true_emerging                134     4.5358     4.7228     4.5182     4.1465     4.1408
  first_history                  4     1.1123     1.1303     1.1095     0.5015     0.4793

== E[W] against its own centre, by sub-population ==
  bucket                           C  P4C E[W]  MPR E[W]  MPR delta  clip P4C
  established                 0.3110    0.3168    0.3110     0.0128    0.1021
  fringe_nonappearance        0.0752    0.1073    0.0752     0.1654    0.3315
  veteran_low_recent_usage    0.0247    0.0712    0.0247     0.3047    0.4583
  low_history_other           0.0993    0.1271    0.0993     0.1656    0.2978
  returning_from_absence      0.0776    0.1095    0.0776     0.1566    0.3270
  true_emerging               0.1848    0.1976    0.1848     0.0452    0.1647
  first_history               0.2661    0.2670    0.2661     0.0009    0.0415

== history x appearance, carry bias (n >= 40 only) ==
  cell                           n        P4C   MPR_ONLY    MC_ONLY   ABC_ONLY    ABC_MPR
  10-24 | 0.25-0.50            262     +0.450     +0.263     +0.458     +0.443     +0.309
  10-24 | 0.50-0.80            313     +0.119     -0.283     +0.132     +0.317     +0.068
  10-24 | 0.80-0.95            356     +0.462     -0.317     +0.492     +0.634     -0.033
  100+ | 0.25-0.50             797     +0.043     +0.081     +0.046     -0.247     -0.242
  100+ | 0.50-0.80            1013     +0.413     +0.496     +0.415     +0.090     +0.150
  100+ | 0.80-0.95            2030     -0.424     -0.174     -0.432     -0.430     -0.235
  100+ | <0.25                 179     -0.002     +0.005     -0.002     -0.017     -0.010
  100+ | >=0.95                983     -0.337     +0.276     -0.371     -0.341     +0.051
  25-49 | 0.25-0.50            213     +0.471     +0.342     +0.479     +0.408     +0.320
  25-49 | 0.50-0.80            259     +0.382     +0.165     +0.397     +0.548     +0.460
  25-49 | 0.80-0.95            306     -0.312     -0.662     -0.291     -0.043     -0.291
  50-99 | 0.25-0.50            292     +0.967     +0.898     +0.972     +0.787     +0.712
  50-99 | 0.50-0.80            310     +0.127     +0.007     +0.143     +0.197     +0.136
  50-99 | 0.80-0.95            357     -0.652     -0.714     -0.642     -0.264     -0.235
  50-99 | >=0.95                52     -1.136     -0.722     -1.121     -0.700     -0.408
  <10 | 0.25-0.50              327     +0.104     -0.215     +0.112     +0.230     +0.029
  <10 | 0.50-0.80              428     +0.289     -0.373     +0.301     +0.571     +0.167
  <10 | 0.80-0.95              246     +0.709     -0.285     +0.733     +0.978     +0.267
  <10 | <0.25                   98     +0.080     -0.012     +0.083     +0.147     +0.120

done in 23s -> p4f_diagnostics.json
