  2022 P4C baseline corner vs p4cc_results.json: PASS |diff| 0.00e+00 sha256 068b9836a867

== 2022 ==
  system      baseline    shapS   pctS   pctT   pctA     gain  shapS drop
  P4C           1.9296   0.9792  50.7%  31.3%  17.9%  +0.0000     +0.0000
  MPR_ONLY      1.9174   0.9694  50.6%  31.7%  17.8%  +0.0121     +0.0097
  MC_ONLY       1.9289   0.9791  50.8%  31.3%  17.9%  +0.0006     +0.0000
  ABC_ONLY      1.9311   0.9873  51.1%  31.2%  17.7%  -0.0015     -0.0081
  ABC_MPR       1.8953   0.9436  49.8%  32.1%  18.2%  +0.0343     +0.0356
  2023 P4C baseline corner vs p4cc_results.json: PASS |diff| 0.00e+00 sha256 068b9836a867

== 2023 ==
  system      baseline    shapS   pctS   pctT   pctA     gain  shapS drop
  P4C           1.9973   1.0172  50.9%  29.5%  19.6%  +0.0000     +0.0000
  MPR_ONLY      1.9885   1.0091  50.7%  29.7%  19.5%  +0.0088     +0.0082
  MC_ONLY       1.9996   1.0207  51.0%  29.4%  19.6%  -0.0023     -0.0035
  ABC_ONLY      1.9543   0.9710  49.7%  30.3%  20.0%  +0.0429     +0.0462
  ABC_MPR       1.9362   0.9497  49.1%  30.8%  20.2%  +0.0611     +0.0675
  2024 P4C baseline corner vs p4cc_results.json: PASS |diff| 0.00e+00 sha256 068b9836a867

== 2024 ==
  system      baseline    shapS   pctS   pctT   pctA     gain  shapS drop
  P4C           2.1103   1.0476  49.6%  28.5%  21.9%  +0.0000     +0.0000
  MPR_ONLY      2.1126   1.0525  49.8%  28.4%  21.8%  -0.0023     -0.0050
  MC_ONLY       2.1115   1.0483  49.6%  28.5%  21.9%  -0.0012     -0.0007
  ABC_ONLY      2.0892   1.0325  49.4%  28.9%  21.7%  +0.0210     +0.0150
  ABC_MPR       2.0874   1.0325  49.5%  28.9%  21.6%  +0.0229     +0.0150
  2025 P4C baseline corner vs p4cc_results.json: PASS |diff| 0.00e+00 sha256 068b9836a867

== 2025 ==
  system      baseline    shapS   pctS   pctT   pctA     gain  shapS drop
  P4C           2.0545   1.0102  49.2%  30.1%  20.8%  +0.0000     +0.0000
  MPR_ONLY      2.0441   1.0034  49.1%  30.1%  20.8%  +0.0104     +0.0068
  MC_ONLY       2.0566   1.0134  49.3%  30.0%  20.7%  -0.0021     -0.0032
  ABC_ONLY      2.0372   0.9933  48.8%  30.5%  20.8%  +0.0173     +0.0169
  ABC_MPR       2.0231   0.9800  48.4%  30.6%  21.0%  +0.0314     +0.0301

== pooled ==
  P4C        mean baseline 2.0229  mean allocation Shapley 1.0135  (100.0% of P4C's)  raw gain +0.0000
  MPR_ONLY   mean baseline 2.0157  mean allocation Shapley 1.0086  ( 99.5% of P4C's)  raw gain +0.0073
  MC_ONLY    mean baseline 2.0241  mean allocation Shapley 1.0154  (100.2% of P4C's)  raw gain -0.0012
  ABC_ONLY   mean baseline 2.0030  mean allocation Shapley 0.9960  ( 98.3% of P4C's)  raw gain +0.0199
  ABC_MPR    mean baseline 1.9855  mean allocation Shapley 0.9765  ( 96.3% of P4C's)  raw gain +0.0374

done in 33s -> p4f_oracle.json
