  2022: n= 5645 games=271  baseline CRPS 11.1223  identity |err| 1.42e-14 spread 0.00e+00 -> VALID
  2023: n= 5704 games=272  baseline CRPS 11.2715  identity |err| 2.84e-14 spread 0.00e+00 -> VALID
  2024: n= 5585 games=272  baseline CRPS 11.2881  identity |err| 1.42e-14 spread 0.00e+00 -> VALID
  2025: n= 5587 games=272  baseline CRPS 11.0360  identity |err| 1.42e-14 spread 0.00e+00 -> VALID

== pooled oracle decomposition ==
  T: Shapley CRPS reduction   6.0211    53.86%
  C: Shapley CRPS reduction   1.9257    17.22%
  V: Shapley CRPS reduction   3.2331    28.92%
  efficiency gap 0.00e+00
  baseline: CRPS 11.1798  MAE 17.298  RMSE 24.013  r 0.6019  sd_ratio 0.6222
  coverage 50/80/90/95: 0.650 0.883 0.943 0.969

== game-clustered bootstrap, 1000 resamples ==
  T: CRPS reduction  6.0211  95% CI [ 5.9142,  6.1285]
  C: CRPS reduction  1.9257  95% CI [ 1.8749,  1.9830]
  V: CRPS reduction  3.2331  95% CI [ 3.1525,  3.3159]

== subgroups ==
  prior-target median from TRAINING seasons only: 2.400
  position      RB         n= 6278 baseCRPS   6.841 meanY  11.3  T  53.8%  C  11.2%  V  35.0%
  position      TE         n= 6158 baseCRPS   9.225 meanY  17.8  T  57.8%  C  16.3%  V  25.9%
  position      WR         n=10085 baseCRPS  15.075 meanY  31.7  T  52.4%  C  19.3%  V  28.3%
  target_volume high       n=11642 baseCRPS  15.600 meanY  34.8  T  51.2%  C  18.6%  V  30.2%
  target_volume low        n=10879 baseCRPS   6.450 meanY   8.7  T  60.7%  C  13.7%  V  25.6%
  history       10-24      n= 4923 baseCRPS   9.695 meanY  17.7  T  53.8%  C  16.8%  V  29.4%
  history       25+        n=14231 baseCRPS  12.253 meanY  25.7  T  53.2%  C  17.7%  V  29.1%
  history       4-9        n= 2186 baseCRPS   8.777 meanY  15.0  T  53.8%  C  16.5%  V  29.7%
  history       <4         n= 1181 baseCRPS   8.880 meanY  12.6  T  65.3%  C  12.9%  V  21.8%
  role_change   down       n= 4642 baseCRPS  10.409 meanY  18.1  T  56.7%  C  15.3%  V  27.9%
  role_change   stable     n=13264 baseCRPS  11.327 meanY  23.6  T  53.1%  C  17.6%  V  29.2%
  role_change   up         n= 4615 baseCRPS  11.533 meanY  22.3  T  53.2%  C  17.7%  V  29.0%

wrote rc1_results.json  (139s)
