
== rec|target  (PRIMARY)  n_opp 67672  TD 3087  base 0.04562 ==
   B_league   LL 0.185463  Brier 0.043542  res 6.196e-06  AUC 0.4872  sdP 0.00097  rel-vs-base -0.347%
   B_pos      LL 0.184822  Brier 0.043492  res 6.417e-05  AUC 0.5303  sdP 0.00849  rel-vs-base +0.000%
   B_loc      LL 0.185366  Brier 0.043533  res 1.681e-05  AUC 0.5076  sdP 0.00286  rel-vs-base -0.294%
   B_pos_loc  LL 0.184895  Brier 0.043499  res 5.260e-05  AUC 0.5308  sdP 0.00896  rel-vs-base -0.040%
   L0         LL 0.184895  Brier 0.043499  res 5.260e-05  AUC 0.5308  sdP 0.00896  rel-vs-base -0.040%
   L1         LL 0.186218  Brier 0.043619  res 7.858e-05  AUC 0.5559  sdP 0.02081  rel-vs-base -0.755%
   L2         LL 0.307201  Brier 0.046500  res 4.244e-05  AUC 0.5372  sdP 0.05879  rel-vs-base -66.215%
   L3         LL 0.197967  Brier 0.044851  res 4.320e-05  AUC 0.5375  sdP 0.04165  rel-vs-base -7.112%
   L4         LL 0.184741  Brier 0.043487  res 5.884e-05  AUC 0.5442  sdP 0.00898  rel-vs-base +0.043%
   best baseline B_pos; best rung L4  (+0.043% LL, resolution gain -5.327e-06)
   game-clustered 95% CI on LL: B_pos [0.180471, 0.189844]  L4 [0.180390, 0.189799]

== rec|rz_target  (secondary)  n_opp 8880  TD 2180  base 0.24550 ==
   B_league   LL 0.557537  Brier 0.185305  res 5.022e-05  AUC 0.4903  sdP 0.00342  rel-vs-base -0.405%
   B_pos      LL 0.555291  Brier 0.184489  res 1.039e-03  AUC 0.5369  sdP 0.03742  rel-vs-base +0.000%
   B_loc      LL 0.557228  Brier 0.185192  res 4.081e-04  AUC 0.5099  sdP 0.00911  rel-vs-base -0.349%
   B_pos_loc  LL 0.556152  Brier 0.184830  res 9.060e-04  AUC 0.5353  sdP 0.03952  rel-vs-base -0.155%
   L0         LL 0.556152  Brier 0.184830  res 9.060e-04  AUC 0.5353  sdP 0.03952  rel-vs-base -0.155%
   L1         LL 0.563900  Brier 0.187806  res 6.575e-04  AUC 0.5328  sdP 0.07548  rel-vs-base -1.550%
   L2         LL 1.369787  Brier 0.216970  res 5.179e-04  AUC 0.5339  sdP 0.20006  rel-vs-base -146.679%
   L3         LL 0.583354  Brier 0.194388  res 5.427e-04  AUC 0.5347  sdP 0.12115  rel-vs-base -5.054%
   L4         LL 0.555700  Brier 0.184668  res 9.373e-04  AUC 0.5385  sdP 0.04021  rel-vs-base -0.074%
   best baseline B_pos; best rung L4  (-0.074% LL, resolution gain -1.020e-04)

== rec|in10_target  (secondary)  n_opp 3948  TD 1500  base 0.37994 ==
   B_league   LL 0.664494  Brier 0.235804  res 1.904e-04  AUC 0.4857  sdP 0.00581  rel-vs-base -0.193%
   B_pos      LL 0.663217  Brier 0.235197  res 5.743e-04  AUC 0.5186  sdP 0.03092  rel-vs-base +0.000%
   B_loc      LL 0.664197  Brier 0.235663  res 7.253e-04  AUC 0.4975  sdP 0.01373  rel-vs-base -0.148%
   B_pos_loc  LL 0.664306  Brier 0.235716  res 1.246e-03  AUC 0.5249  sdP 0.03477  rel-vs-base -0.164%
   L0         LL 0.664306  Brier 0.235716  res 1.246e-03  AUC 0.5249  sdP 0.03477  rel-vs-base -0.164%
   L1         LL 0.672566  Brier 0.239465  res 1.102e-03  AUC 0.5365  sdP 0.09389  rel-vs-base -1.410%
   L2         LL 2.167636  Brier 0.286095  res 9.091e-04  AUC 0.5334  sdP 0.25077  rel-vs-base -226.836%
   L3         LL 0.689373  Brier 0.246460  res 9.123e-04  AUC 0.5301  sdP 0.12688  rel-vs-base -3.944%
   L4         LL 0.662767  Brier 0.235014  res 1.211e-03  AUC 0.5340  sdP 0.04219  rel-vs-base +0.068%
   best baseline B_pos; best rung L4  (+0.068% LL, resolution gain +6.364e-04)

== rec|in5_target  (secondary)  n_opp 1863  TD 889  base 0.47719 ==
   B_league   LL 0.692585  Brier 0.249719  res 3.814e-04  AUC 0.4792  sdP 0.00613  rel-vs-base -0.125%
   B_pos      LL 0.691721  Brier 0.249283  res 1.658e-03  AUC 0.5240  sdP 0.04042  rel-vs-base +0.000%
   B_loc      LL 0.693111  Brier 0.249958  res 1.332e-03  AUC 0.5026  sdP 0.03075  rel-vs-base -0.201%
   B_pos_loc  LL 0.693223  Brier 0.250163  res 2.797e-03  AUC 0.5197  sdP 0.04953  rel-vs-base -0.217%
   L0         LL 0.693223  Brier 0.250163  res 2.797e-03  AUC 0.5197  sdP 0.04953  rel-vs-base -0.217%
   L1         LL 0.706007  Brier 0.255786  res 2.777e-03  AUC 0.5372  sdP 0.11775  rel-vs-base -2.065%
   L2         LL 2.885360  Brier 0.309366  res 1.996e-03  AUC 0.5367  sdP 0.27646  rel-vs-base -317.128%
   L3         LL 0.714185  Brier 0.259147  res 1.748e-03  AUC 0.5384  sdP 0.13780  rel-vs-base -3.248%
   L4         LL 0.691225  Brier 0.249152  res 1.816e-03  AUC 0.5359  sdP 0.05452  rel-vs-base +0.072%
   best baseline B_pos; best rung L4  (+0.072% LL, resolution gain +1.574e-04)

== rec|g2g_target  (secondary)  n_opp 3339  TD 1284  base 0.38455 ==
   B_league   LL 0.666456  Brier 0.236769  res 3.637e-04  AUC 0.4909  sdP 0.00337  rel-vs-base -0.131%
   B_pos      LL 0.665582  Brier 0.236329  res 1.378e-03  AUC 0.5218  sdP 0.03670  rel-vs-base +0.000%
   B_loc      LL 0.666283  Brier 0.236684  res 1.278e-03  AUC 0.4945  sdP 0.01103  rel-vs-base -0.105%
   B_pos_loc  LL 0.666872  Brier 0.236943  res 1.255e-03  AUC 0.5290  sdP 0.04355  rel-vs-base -0.194%
   L0         LL 0.666872  Brier 0.236943  res 1.255e-03  AUC 0.5290  sdP 0.04355  rel-vs-base -0.194%
   L1         LL 0.675039  Brier 0.240431  res 1.513e-03  AUC 0.5393  sdP 0.09818  rel-vs-base -1.421%
   L2         LL 2.445317  Brier 0.290378  res 1.313e-03  AUC 0.5317  sdP 0.25548  rel-vs-base -267.396%
   L3         LL 0.689765  Brier 0.246495  res 1.387e-03  AUC 0.5351  sdP 0.12912  rel-vs-base -3.633%
   L4         LL 0.666335  Brier 0.236657  res 1.356e-03  AUC 0.5336  sdP 0.04956  rel-vs-base -0.113%
   best baseline B_pos; best rung L4  (-0.113% LL, resolution gain -2.144e-05)

== rush|carry  (PRIMARY)  n_opp 56293  TD 1956  base 0.03475 ==
   B_league   LL 0.150944  Brier 0.033544  res 1.536e-06  AUC 0.4924  sdP 0.00089  rel-vs-base -0.638%
   B_pos      LL 0.149987  Brier 0.033481  res 8.222e-05  AUC 0.5419  sdP 0.01125  rel-vs-base +0.000%
   B_loc      LL 0.150396  Brier 0.033505  res 4.646e-05  AUC 0.5407  sdP 0.00485  rel-vs-base -0.273%
   B_pos_loc  LL 0.150685  Brier 0.033471  res 1.024e-04  AUC 0.5568  sdP 0.01281  rel-vs-base -0.465%
   L0         LL 0.150685  Brier 0.033471  res 1.024e-04  AUC 0.5568  sdP 0.01281  rel-vs-base -0.465%
   L1         LL 0.151807  Brier 0.033532  res 1.109e-04  AUC 0.5677  sdP 0.01860  rel-vs-base -1.213%
   L2         LL 0.232858  Brier 0.034767  res 6.456e-05  AUC 0.5514  sdP 0.04192  rel-vs-base -55.252%
   L3         LL 0.158061  Brier 0.033944  res 7.092e-05  AUC 0.5586  sdP 0.02993  rel-vs-base -5.383%
   L4         LL 0.150175  Brier 0.033469  res 1.112e-04  AUC 0.5628  sdP 0.01287  rel-vs-base -0.125%
   best baseline B_pos; best rung L4  (-0.125% LL, resolution gain +2.899e-05)
   game-clustered 95% CI on LL: B_pos [0.145307, 0.154583]  L4 [0.145550, 0.154771]

== rush|rz_carry  (secondary)  n_opp 9865  TD 1700  base 0.17233 ==
   B_league   LL 0.459849  Brier 0.142716  res 1.452e-05  AUC 0.5052  sdP 0.00304  rel-vs-base -0.884%
   B_pos      LL 0.455822  Brier 0.141480  res 1.306e-03  AUC 0.5527  sdP 0.03599  rel-vs-base +0.000%
   B_loc      LL 0.458839  Brier 0.142421  res 4.610e-04  AUC 0.5345  sdP 0.01260  rel-vs-base -0.662%
   B_pos_loc  LL 0.456386  Brier 0.141639  res 1.267e-03  AUC 0.5481  sdP 0.03819  rel-vs-base -0.124%
   L0         LL 0.456386  Brier 0.141639  res 1.267e-03  AUC 0.5481  sdP 0.03819  rel-vs-base -0.124%
   L1         LL 0.459786  Brier 0.142585  res 1.244e-03  AUC 0.5529  sdP 0.05824  rel-vs-base -0.870%
   L2         LL 0.856335  Brier 0.158251  res 6.409e-04  AUC 0.5366  sdP 0.14663  rel-vs-base -87.866%
   L3         LL 0.478903  Brier 0.147959  res 7.009e-04  AUC 0.5433  sdP 0.10172  rel-vs-base -5.064%
   L4         LL 0.456242  Brier 0.141602  res 1.366e-03  AUC 0.5516  sdP 0.03908  rel-vs-base -0.092%
   best baseline B_pos; best rung L4  (-0.092% LL, resolution gain +6.058e-05)

== rush|in10_carry  (secondary)  n_opp 5050  TD 1472  base 0.29149 ==
   B_league   LL 0.603784  Brier 0.206651  res 3.493e-05  AUC 0.5035  sdP 0.00359  rel-vs-base -1.140%
   B_pos      LL 0.596978  Brier 0.203703  res 2.931e-03  AUC 0.5550  sdP 0.05071  rel-vs-base +0.000%
   B_loc      LL 0.601690  Brier 0.205770  res 1.173e-03  AUC 0.5361  sdP 0.02121  rel-vs-base -0.789%
   B_pos_loc  LL 0.597634  Brier 0.203935  res 3.510e-03  AUC 0.5524  sdP 0.05503  rel-vs-base -0.110%
   L0         LL 0.597634  Brier 0.203935  res 3.510e-03  AUC 0.5524  sdP 0.05503  rel-vs-base -0.110%
   L1         LL 0.603974  Brier 0.206438  res 2.525e-03  AUC 0.5454  sdP 0.07667  rel-vs-base -1.172%
   L2         LL 1.312448  Brier 0.240142  res 1.101e-03  AUC 0.5251  sdP 0.20156  rel-vs-base -119.849%
   L3         LL 0.625682  Brier 0.215060  res 1.648e-03  AUC 0.5374  sdP 0.12526  rel-vs-base -4.808%
   L4         LL 0.597814  Brier 0.204006  res 2.961e-03  AUC 0.5568  sdP 0.05618  rel-vs-base -0.140%
   best baseline B_pos; best rung L0  (-0.110% LL, resolution gain +5.792e-04)

== rush|in5_carry  (secondary)  n_opp 2925  TD 1205  base 0.41197 ==
   B_league   LL 0.678067  Brier 0.242494  res 1.293e-04  AUC 0.5116  sdP 0.00350  rel-vs-base -0.723%
   B_pos      LL 0.673199  Brier 0.240106  res 2.466e-03  AUC 0.5459  sdP 0.05137  rel-vs-base +0.000%
   B_loc      LL 0.676914  Brier 0.241935  res 7.872e-04  AUC 0.5238  sdP 0.02841  rel-vs-base -0.552%
   B_pos_loc  LL 0.674246  Brier 0.240533  res 3.053e-03  AUC 0.5440  sdP 0.05903  rel-vs-base -0.156%
   L0         LL 0.674246  Brier 0.240533  res 3.053e-03  AUC 0.5440  sdP 0.05903  rel-vs-base -0.156%
   L1         LL 0.685962  Brier 0.246060  res 2.404e-03  AUC 0.5236  sdP 0.08256  rel-vs-base -1.896%
   L2         LL 1.823477  Brier 0.299667  res 8.417e-04  AUC 0.4917  sdP 0.22197  rel-vs-base -170.867%
   L3         LL 0.711276  Brier 0.257418  res 1.591e-03  AUC 0.5125  sdP 0.12731  rel-vs-base -5.656%
   L4         LL 0.674332  Brier 0.240576  res 3.228e-03  AUC 0.5469  sdP 0.06197  rel-vs-base -0.168%
   best baseline B_pos; best rung L0  (-0.156% LL, resolution gain +5.870e-04)

== rush|g2g_carry  (secondary)  n_opp 4140  TD 1312  base 0.31691 ==
   B_league   LL 0.624727  Brier 0.216569  res 7.732e-05  AUC 0.5040  sdP 0.00316  rel-vs-base -1.491%
   B_pos      LL 0.615551  Brier 0.212406  res 4.324e-03  AUC 0.5623  sdP 0.05630  rel-vs-base +0.000%
   B_loc      LL 0.622210  Brier 0.215468  res 1.360e-03  AUC 0.5412  sdP 0.02355  rel-vs-base -1.082%
   B_pos_loc  LL 0.616480  Brier 0.212772  res 4.191e-03  AUC 0.5573  sdP 0.06086  rel-vs-base -0.151%
   L0         LL 0.616480  Brier 0.212772  res 4.191e-03  AUC 0.5573  sdP 0.06086  rel-vs-base -0.151%
   L1         LL 0.623820  Brier 0.215729  res 3.948e-03  AUC 0.5495  sdP 0.08528  rel-vs-base -1.343%
   L2         LL 1.491555  Brier 0.253860  res 1.459e-03  AUC 0.5252  sdP 0.21127  rel-vs-base -142.312%
   L3         LL 0.646589  Brier 0.225171  res 2.035e-03  AUC 0.5412  sdP 0.13273  rel-vs-base -5.042%
   L4         LL 0.616626  Brier 0.212821  res 4.653e-03  AUC 0.5621  sdP 0.06220  rel-vs-base -0.175%
   best baseline B_pos; best rung L0  (-0.151% LL, resolution gain -1.333e-04)

wrote td2_ladder.json
