
== rec|target ==
   split_half             n=617    conversion r  +0.2912   opportunity r  +0.9441
   year_to_year           n=919    conversion r  +0.2153   opportunity r  +0.7865
   prior_to_next_game     n=19301  conversion r  +0.0826   opportunity r  +0.5909
     established          n=11973  conversion r +0.0824
     low_history          n=1573   conversion r +0.0821
     high_opportunity     n=9508   conversion r +0.0708
     low_opportunity      n=3333   conversion r +0.0738
     pos_WR               n=10089  conversion r +0.0732
     pos_TE               n=4664   conversion r +0.0628
     pos_RB               n=4548   conversion r +0.0495

== rec|rz_target ==
   split_half             n=210    conversion r  +0.2134   opportunity r  +0.5234
   year_to_year           n=19     conversion r  +0.0631   opportunity r  -0.0485
   prior_to_next_game     n=3433   conversion r  +0.0501   opportunity r  +0.2294
     established          n=3210   conversion r +0.0346
     low_history          n=0      conversion r None
     high_opportunity     n=0      conversion r None
     low_opportunity      n=3430   conversion r +0.0506
     pos_WR               n=2135   conversion r +0.0519
     pos_TE               n=939    conversion r -0.0235
     pos_RB               n=359    conversion r +0.0798

== rush|carry ==
   split_half             n=320    conversion r  +0.4594   opportunity r  +0.9702
   year_to_year           n=442    conversion r  +0.3538   opportunity r  +0.7699
   prior_to_next_game     n=9181   conversion r  +0.1223   opportunity r  +0.6764
     established          n=4984   conversion r +0.1473
     low_history          n=1248   conversion r +0.0595
     high_opportunity     n=6457   conversion r +0.1280
     low_opportunity      n=879    conversion r +0.0790
     pos_WR               n=352    conversion r +0.0618
     pos_RB               n=6507   conversion r +0.0498
     pos_QB               n=2300   conversion r +0.0955

== rush|rz_carry ==
   split_half             n=167    conversion r  +0.3682   opportunity r  +0.7484
   year_to_year           n=141    conversion r  +0.3312   opportunity r  +0.2259
   prior_to_next_game     n=3540   conversion r  +0.0904   opportunity r  +0.2940
     established          n=2590   conversion r +0.1299
     low_history          n=79     conversion r -0.1188
     high_opportunity     n=76     conversion r -0.1990
     low_opportunity      n=1922   conversion r +0.1181
     pos_RB               n=2929   conversion r +0.0242
     pos_QB               n=576    conversion r +0.0616

wrote td2_persistence.json
