  snaps       2022 n= 8092 A: CRPS=6.7971 rPIT=73.1 A+S: CRPS=6.9356 rPIT=630.8 A1: CRPS=6.7901 rPIT=73.9 A1+cal: CRPS=6.9114 rPIT=593.7 R: CRPS=6.5773 rPIT=128.1 R+cal: CRPS=6.7640 rPIT=391.2 O: CRPS=4.7730 rPIT=12.1
  snaps       2023 n= 7840 A: CRPS=6.6344 rPIT=122.8 A+S: CRPS=6.6888 rPIT=395.5 A1: CRPS=6.6276 rPIT=113.9 A1+cal: CRPS=6.6700 rPIT=384.4 R: CRPS=6.3947 rPIT=145.8 R+cal: CRPS=6.4975 rPIT=279.1 O: CRPS=4.7452 rPIT=22.4
  snaps       2024 n= 7743 A: CRPS=6.4919 rPIT=111.5 A+S: CRPS=6.5288 rPIT=259.5 A1: CRPS=6.4844 rPIT=105.1 A1+cal: CRPS=6.5058 rPIT=249.7 R: CRPS=6.2809 rPIT=98.2 R+cal: CRPS=6.3072 rPIT=188.5 O: CRPS=4.7177 rPIT=30.8
  snaps       2025 n= 7768 A: CRPS=7.2295 rPIT=57.9 A+S: CRPS=7.2385 rPIT=106.9 A1: CRPS=7.2279 rPIT=50.6 A1+cal: CRPS=7.2377 rPIT=108.5 R: CRPS=7.0855 rPIT=47.5 R+cal: CRPS=7.0753 rPIT=96.5 O: CRPS=4.6975 rPIT=40.1
  pass_snaps  2022 n= 8092 A: CRPS=4.2800 rPIT=71.3 A+S: CRPS=4.3383 rPIT=526.2 A1: CRPS=4.2751 rPIT=75.1 A1+cal: CRPS=4.3244 rPIT=508.8 R: CRPS=4.1568 rPIT=121.6 R+cal: CRPS=4.2598 rPIT=354.6 O: CRPS=3.2277 rPIT=20.5
  pass_snaps  2023 n= 7840 A: CRPS=4.1681 rPIT=132.4 A+S: CRPS=4.1972 rPIT=365.1 A1: CRPS=4.1653 rPIT=120.1 A1+cal: CRPS=4.1823 rPIT=365.3 R: CRPS=4.0502 rPIT=154.9 R+cal: CRPS=4.1100 rPIT=266.1 O: CRPS=3.1794 rPIT=44.7
  pass_snaps  2024 n= 7729 A: CRPS=4.1222 rPIT=116.9 A+S: CRPS=4.1433 rPIT=237.3 A1: CRPS=4.1181 rPIT=112.6 A1+cal: CRPS=4.1269 rPIT=241.3 R: CRPS=4.0100 rPIT=102.0 R+cal: CRPS=4.0228 rPIT=179.8 O: CRPS=3.2031 rPIT=39.2
  pass_snaps  2025 n= 7752 A: CRPS=4.4719 rPIT=68.7 A+S: CRPS=4.4707 rPIT=118.1 A1: CRPS=4.4697 rPIT=62.1 A1+cal: CRPS=4.4697 rPIT=119.2 R: CRPS=4.3929 rPIT=47.0 R+cal: CRPS=4.3865 rPIT=91.6 O: CRPS=3.1165 rPIT=41.9
  targets     2022 n= 8092 A: CRPS=0.9428 rPIT=89.1 A+S: CRPS=0.9432 rPIT=58.9 A1: CRPS=0.9417 rPIT=86.1 A1+cal: CRPS=0.9410 rPIT=50.3 R: CRPS=0.9268 rPIT=52.8 R+cal: CRPS=0.9349 rPIT=63.7 O: CRPS=0.8017 rPIT=199.2
  targets     2023 n= 7840 A: CRPS=0.9269 rPIT=41.8 A+S: CRPS=0.9263 rPIT=13.2 A1: CRPS=0.9265 rPIT=43.3 A1+cal: CRPS=0.9243 rPIT=13.4 R: CRPS=0.9118 rPIT=28.5 R+cal: CRPS=0.9167 rPIT=19.5 O: CRPS=0.8067 rPIT=136.9
  targets     2024 n= 7743 A: CRPS=0.9221 rPIT=71.9 A+S: CRPS=0.9222 rPIT=31.1 A1: CRPS=0.9215 rPIT=72.8 A1+cal: CRPS=0.9190 rPIT=32.7 R: CRPS=0.9118 rPIT=69.1 R+cal: CRPS=0.9121 rPIT=41.4 O: CRPS=0.8089 rPIT=227.1
  targets     2025 n= 7768 A: CRPS=0.9520 rPIT=104.8 A+S: CRPS=0.9498 rPIT=65.2 A1: CRPS=0.9521 rPIT=110.2 A1+cal: CRPS=0.9495 rPIT=60.0 R: CRPS=0.9439 rPIT=122.0 R+cal: CRPS=0.9417 rPIT=90.3 O: CRPS=0.7709 rPIT=168.7
  carries     2022 n= 2365 A: CRPS=1.9296 rPIT=10.7 A+S: CRPS=1.9762 rPIT=73.6 A1: CRPS=1.9282 rPIT=9.4 A1+cal: CRPS=1.9709 rPIT=63.2 R: CRPS=1.9264 rPIT=12.2 R+cal: CRPS=1.9875 rPIT=23.0 O: CRPS=1.5661 rPIT=11.2
  carries     2023 n= 2255 A: CRPS=1.9973 rPIT=21.3 A+S: CRPS=2.0115 rPIT=38.0 A1: CRPS=1.9964 rPIT=22.1 A1+cal: CRPS=2.0073 rPIT=35.6 R: CRPS=1.9705 rPIT=24.7 R+cal: CRPS=1.9989 rPIT=38.6 O: CRPS=1.5920 rPIT=33.9
  carries     2024 n= 2166 A: CRPS=2.1103 rPIT=9.0 A+S: CRPS=2.1263 rPIT=15.5 A1: CRPS=2.1049 rPIT=8.4 A1+cal: CRPS=2.1089 rPIT=13.8 R: CRPS=2.0583 rPIT=9.2 R+cal: CRPS=2.0627 rPIT=13.2 O: CRPS=1.6078 rPIT=16.4
  carries     2025 n= 2174 A: CRPS=2.0545 rPIT=9.7 A+S: CRPS=2.0508 rPIT=12.8 A1: CRPS=2.0520 rPIT=10.1 A1+cal: CRPS=2.0465 rPIT=15.6 R: CRPS=2.0363 rPIT=6.1 R+cal: CRPS=2.0343 rPIT=6.4 O: CRPS=1.5726 rPIT=11.6
  rz_carries  2022 n= 2208 A: CRPS=0.5150 rPIT=123.5 A+S: CRPS=0.5140 rPIT=47.0 A1: CRPS=0.5152 rPIT=118.5 A1+cal: CRPS=0.5133 rPIT=46.9 R: CRPS=0.5146 rPIT=106.3 R+cal: CRPS=0.5187 rPIT=97.8 O: CRPS=0.4853 rPIT=180.5
  rz_carries  2023 n= 2105 A: CRPS=0.5423 rPIT=98.6 A+S: CRPS=0.5433 rPIT=62.7 A1: CRPS=0.5420 rPIT=96.7 A1+cal: CRPS=0.5420 rPIT=63.3 R: CRPS=0.5385 rPIT=94.3 R+cal: CRPS=0.5437 rPIT=99.1 O: CRPS=0.5010 rPIT=164.4
  rz_carries  2024 n= 2024 A: CRPS=0.5714 rPIT=78.1 A+S: CRPS=0.5730 rPIT=58.4 A1: CRPS=0.5706 rPIT=82.4 A1+cal: CRPS=0.5705 rPIT=61.5 R: CRPS=0.5667 rPIT=73.7 R+cal: CRPS=0.5676 rPIT=69.5 O: CRPS=0.5147 rPIT=127.2
  rz_carries  2025 n= 2037 A: CRPS=0.5778 rPIT=63.0 A+S: CRPS=0.5767 rPIT=47.5 A1: CRPS=0.5779 rPIT=63.8 A1+cal: CRPS=0.5764 rPIT=44.7 R: CRPS=0.5760 rPIT=70.0 R+cal: CRPS=0.5755 rPIT=59.9 O: CRPS=0.5245 rPIT=116.6
done in 242s -> p4d_downstream.json
