
=== REC TD ===
  2022: n= 5645  mean TD 0.1311  identity |err| 4.44e-16 -> VALID
  2023: n= 5704  mean TD 0.1310  identity |err| 4.44e-16 -> VALID
  2024: n= 5585  mean TD 0.1427  identity |err| 4.44e-16 -> VALID
  2025: n= 5587  mean TD 0.1437  identity |err| 2.22e-16 -> VALID
  baseline CRPS 0.13562  Brier(TD>=1) 0.10104  mean TD 0.1371
    V:  0.00365    2.69%  95% CI [0.00327, 0.00397]
    S:  0.01055    7.78%  95% CI [0.00968, 0.01139]
    Z:  0.01760   12.98%  95% CI [0.01577, 0.01935]
    K:  0.10382   76.55%  95% CI [0.10153, 0.10607]
    efficiency gap 0.00e+00

=== RUSH TD ===
  2022: n= 5645  mean TD 0.0677  identity |err| 4.44e-16 -> VALID
  2023: n= 5704  mean TD 0.0621  identity |err| 4.44e-16 -> VALID
  2024: n= 5585  mean TD 0.0722  identity |err| 4.44e-16 -> VALID
  2025: n= 5587  mean TD 0.0711  identity |err| 4.44e-16 -> VALID
  baseline CRPS 0.06104  Brier(TD>=1) 0.04337  mean TD 0.0682
    V:  0.00271    4.45%  95% CI [0.00238, 0.00306]
    S:  0.00482    7.90%  95% CI [0.00421, 0.00551]
    Z:  0.00768   12.59%  95% CI [0.00660, 0.00867]
    K:  0.04582   75.07%  95% CI [0.04442, 0.04713]
    efficiency gap 0.00e+00

wrote td1_results.json
