== R ladder: prediction of R itself ==

  --- ALL ---
    rung           MAE    RMSE       r      R2   sdrat    vs R0
    R0          0.1133  0.1617   0.306   0.092   0.337   +0.00%
    R_base      0.1163  0.1635   0.280   0.072   0.232   +2.58%
    R_A         0.1140  0.1625   0.289   0.083   0.280   +0.59%
    R_B         0.1138  0.1625   0.291   0.084   0.276   +0.42%
    R_C         0.1161  0.1634   0.281   0.073   0.245   +2.46%
    R_D         0.1159  0.1633   0.283   0.075   0.246   +2.24%
    R_E         0.1161  0.1635   0.279   0.073   0.244   +2.47%
    R_AB        0.1135  0.1622   0.296   0.087   0.285   +0.10%
    R_ABC       0.1133  0.1621   0.298   0.088   0.289   -0.01%
    R_ABCD      0.1132  0.1620   0.299   0.089   0.288   -0.10%
    R_ABCDE     0.1132  0.1620   0.299   0.089   0.287   -0.09%

  --- WR ---
    rung           MAE    RMSE       r      R2   sdrat    vs R0
    R0          0.1134  0.1651   0.281   0.077   0.319   +0.00%
    R_base      0.1160  0.1670   0.242   0.055   0.207   +2.28%
    R_A         0.1138  0.1659   0.261   0.068   0.273   +0.31%
    R_B         0.1147  0.1664   0.254   0.062   0.239   +1.13%
    R_C         0.1162  0.1670   0.245   0.056   0.217   +2.41%
    R_D         0.1158  0.1668   0.249   0.058   0.219   +2.11%
    R_E         0.1161  0.1670   0.245   0.056   0.217   +2.39%
    R_AB        0.1134  0.1656   0.268   0.071   0.271   -0.02%
    R_ABC       0.1133  0.1655   0.271   0.073   0.275   -0.13%
    R_ABCD      0.1132  0.1654   0.273   0.074   0.273   -0.22%
    R_ABCDE     0.1131  0.1653   0.273   0.074   0.271   -0.29%

  --- TE ---
    rung           MAE    RMSE       r      R2   sdrat    vs R0
    R0          0.1045  0.1438   0.317   0.099   0.338   +0.00%
    R_base      0.1084  0.1464   0.282   0.066   0.209   +3.66%
    R_A         0.1061  0.1451   0.291   0.082   0.261   +1.53%
    R_B         0.1042  0.1441   0.314   0.095   0.258   -0.33%
    R_C         0.1078  0.1461   0.284   0.070   0.220   +3.11%
    R_D         0.1076  0.1459   0.287   0.072   0.221   +2.94%
    R_E         0.1071  0.1457   0.286   0.074   0.229   +2.42%
    R_AB        0.1052  0.1444   0.304   0.091   0.268   +0.61%
    R_ABC       0.1050  0.1443   0.306   0.092   0.271   +0.41%
    R_ABCD      0.1049  0.1442   0.309   0.093   0.270   +0.33%
    R_ABCDE     0.1041  0.1441   0.309   0.095   0.279   -0.37%

  --- RB ---
    rung           MAE    RMSE       r      R2   sdrat    vs R0
    R0          0.1221  0.1728   0.222   0.047   0.260   +0.00%
    R_base      0.1246  0.1737   0.211   0.037   0.162   +2.11%
    R_A         0.1223  0.1731   0.212   0.044   0.178   +0.20%
    R_B         0.1220  0.1730   0.215   0.045   0.179   -0.02%
    R_C         0.1245  0.1736   0.211   0.038   0.169   +1.98%
    R_D         0.1243  0.1736   0.211   0.038   0.167   +1.84%
    R_E         0.1253  0.1741   0.207   0.033   0.144   +2.63%
    R_AB        0.1219  0.1730   0.215   0.045   0.181   -0.15%
    R_ABC       0.1218  0.1729   0.216   0.045   0.182   -0.20%
    R_ABCD      0.1217  0.1729   0.217   0.046   0.182   -0.27%
    R_ABCDE     0.1226  0.1730   0.217   0.044   0.173   +0.47%

  best rung by pooled MAE: R_ABCD
  pos    pos_mean      best  relative
  ALL      0.1220    0.1132    +7.18%
  WR       0.1228    0.1132    +7.82%
  TE       0.1142    0.1049    +8.20%
  RB       0.1285    0.1217    +5.24%
    2022: pos_mean 0.1245  best 0.1201  +3.57%
    2023: pos_mean 0.1229  best 0.1139  +7.39%
    2024: pos_mean 0.1217  best 0.1119  +8.04%
    2025: pos_mean 0.1187  best 0.1070  +9.89%

== downstream: substitute ONLY the R leg of Stage 4 ==
  2022: baseline 0.9428  centre(elig 5601/8092) 0.9603 (+0.0175)  centre(all) 0.9583  point 1.0118
  2023: baseline 0.9269  centre(elig 5662/7840) 0.9356 (+0.0088)  centre(all) 0.9316  point 0.9793
  2024: baseline 0.9221  centre(elig 5536/7743) 0.9283 (+0.0062)  centre(all) 0.9235  point 0.9764
  2025: baseline 0.9520  centre(elig 5528/7768) 0.9592 (+0.0072)  centre(all) 0.9651  point 0.9927

  sub_centre: pooled 0.9460 vs baseline 0.9360  delta +0.0100  seasons better 0/4
    95% CI [+0.0072, +0.0131] clusters 2174
    model-family recovery of the measured R oracle opportunity: -2.33%

  sub_centre_all: pooled 0.9447 vs baseline 0.9360  delta +0.0088  seasons better 0/4
    95% CI [+0.0051, +0.0127] clusters 2174
    model-family recovery of the measured R oracle opportunity: -2.04%

  sub_point: pooled 0.9902 vs baseline 0.9360  delta +0.0542  seasons better 0/4
    95% CI [+0.0502, +0.0585] clusters 2174
    model-family recovery of the measured R oracle opportunity: -12.62%

done in 41s -> r1_ladder.json
