stage A 2022: n_train=16573 n_test=9111 injury_feature=True brier=0.1399 auc=0.8518
stage A 2023: n_train=25684 n_test=8919 injury_feature=True brier=0.1331 auc=0.8571
stage A 2024: n_train=34603 n_test=8831 injury_feature=True brier=0.1288 auc=0.8715
stage A 2025: n_train=43434 n_test=8896 injury_feature=False brier=0.1544 auc=0.8126

=== snap_share
 2022 n=  7836 U=0.1516(r=0.701) C=0.2033(r=0.639) AxC=0.1508(r=0.761) | AxC-U -0.00070 [-0.00504,+0.00433] AxC does NOT beat U
 2023 n=  7578 U=0.1464(r=0.726) C=0.1909(r=0.662) AxC=0.1446(r=0.774) | AxC-U -0.00184 [-0.00639,+0.00250] AxC does NOT beat U
 2024 n=  7537 U=0.1528(r=0.700) C=0.1936(r=0.647) AxC=0.1450(r=0.776) | AxC-U -0.00776 [-0.01301,-0.00277] AxC BEATS U
 2025 n=  7436 U=0.1528(r=0.705) C=0.1919(r=0.652) AxC=0.1599(r=0.727) | AxC-U +0.00688 [+0.00279,+0.01085] AxC does NOT beat U

=== rpr
 2022 n=  8092 U=0.1566(r=0.706) C=0.2049(r=0.658) AxC=0.1558(r=0.767) | AxC-U -0.00059 [-0.00553,+0.00362] AxC does NOT beat U
 2023 n=  7840 U=0.1506(r=0.734) C=0.1906(r=0.692) AxC=0.1478(r=0.785) | AxC-U -0.00272 [-0.00738,+0.00188] AxC does NOT beat U
 2024 n=  7743 U=0.1549(r=0.719) C=0.1937(r=0.678) AxC=0.1485(r=0.790) | AxC-U -0.00639 [-0.01189,-0.00112] AxC BEATS U
 2025 n=  7768 U=0.1564(r=0.712) C=0.1925(r=0.677) AxC=0.1646(r=0.737) | AxC-U +0.00822 [+0.00404,+0.01229] AxC does NOT beat U

=== target_share
 2022 n=  8092 U=0.0467(r=0.678) C=0.0550(r=0.641) AxC=0.0435(r=0.717) | AxC-U -0.00319 [-0.00397,-0.00251] AxC BEATS U
 2023 n=  7840 U=0.0453(r=0.710) C=0.0524(r=0.681) AxC=0.0427(r=0.740) | AxC-U -0.00257 [-0.00333,-0.00183] AxC BEATS U
 2024 n=  7743 U=0.0469(r=0.689) C=0.0541(r=0.659) AxC=0.0434(r=0.741) | AxC-U -0.00343 [-0.00432,-0.00253] AxC BEATS U
 2025 n=  7768 U=0.0460(r=0.697) C=0.0530(r=0.664) AxC=0.0455(r=0.703) | AxC-U -0.00048 [-0.00091,-0.00004] AxC BEATS U

=== carry_share
 2022 n=  2365 U=0.1034(r=0.743) C=0.1319(r=0.718) AxC=0.0991(r=0.801) | AxC-U -0.00413 [-0.01022,+0.00171] AxC does NOT beat U
 2023 n=  2255 U=0.1054(r=0.744) C=0.1380(r=0.679) AxC=0.1036(r=0.784) | AxC-U -0.00173 [-0.00666,+0.00367] AxC does NOT beat U
 2024 n=  2166 U=0.1261(r=0.665) C=0.1411(r=0.670) AxC=0.1092(r=0.755) | AxC-U -0.01649 [-0.02311,-0.01051] AxC BEATS U
 2025 n=  2174 U=0.1056(r=0.748) C=0.1278(r=0.738) AxC=0.1044(r=0.789) | AxC-U -0.00121 [-0.00604,+0.00381] AxC does NOT beat U

=== rz_carry_share
 2022 n=  2208 U=0.1628(r=0.558) C=0.1918(r=0.525) AxC=0.1556(r=0.597) | AxC-U -0.00733 [-0.01101,-0.00373] AxC BEATS U
 2023 n=  2105 U=0.1639(r=0.581) C=0.1943(r=0.533) AxC=0.1553(r=0.630) | AxC-U -0.00870 [-0.01327,-0.00410] AxC BEATS U
 2024 n=  2024 U=0.1729(r=0.562) C=0.1957(r=0.542) AxC=0.1633(r=0.605) | AxC-U -0.00943 [-0.01394,-0.00487] AxC BEATS U
 2025 n=  2037 U=0.1631(r=0.600) C=0.1880(r=0.569) AxC=0.1625(r=0.607) | AxC-U -0.00060 [-0.00273,+0.00153] AxC does NOT beat U
