panel seasons [2020, 2021, 2022, 2023, 2024, 2025]

== 2022  n=2365 G=542 ==
  P4C      CRPS 1.9296  MAE 3.017  r +0.770  bias +0.000  rPIT    10.7  shareCRPS 0.06360
  E_0      CRPS 1.9480  MAE 3.070  r +0.769  bias -0.004  rPIT     9.3  shareCRPS 0.06436
  E_A      CRPS 1.9496  MAE 3.066  r +0.766  bias -0.005  rPIT     9.6  shareCRPS 0.06440
  E_B      CRPS 1.9307  MAE 3.041  r +0.773  bias -0.006  rPIT    15.1  shareCRPS 0.06370
  E_C      CRPS 1.9335  MAE 3.045  r +0.772  bias -0.005  rPIT    12.5  shareCRPS 0.06368
  E_D      CRPS 1.9391  MAE 3.052  r +0.770  bias -0.004  rPIT    10.4  shareCRPS 0.06402
  E_E      CRPS 1.9480  MAE 3.072  r +0.769  bias -0.004  rPIT    11.5  shareCRPS 0.06435
  E_AB     CRPS 1.9336  MAE 3.039  r +0.770  bias -0.006  rPIT    14.1  shareCRPS 0.06383
  E_ABC    CRPS 1.9311  MAE 3.033  r +0.771  bias -0.007  rPIT    14.6  shareCRPS 0.06369
  E_ABCD   CRPS 1.9350  MAE 3.043  r +0.770  bias -0.007  rPIT    11.7  shareCRPS 0.06381
  E_ABCDE  CRPS 1.9357  MAE 3.046  r +0.770  bias -0.007  rPIT    12.8  shareCRPS 0.06384

== 2023  n=2255 G=544 ==
  P4C      CRPS 1.9973  MAE 3.062  r +0.759  bias -0.062  rPIT    21.3  shareCRPS 0.06547
  E_0      CRPS 1.9975  MAE 3.081  r +0.760  bias -0.066  rPIT    16.5  shareCRPS 0.06553
  E_A      CRPS 1.9964  MAE 3.077  r +0.760  bias -0.067  rPIT    18.7  shareCRPS 0.06564
  E_B      CRPS 1.9712  MAE 3.037  r +0.766  bias -0.069  rPIT    19.7  shareCRPS 0.06452
  E_C      CRPS 1.9692  MAE 3.026  r +0.766  bias -0.066  rPIT    16.6  shareCRPS 0.06429
  E_D      CRPS 1.9876  MAE 3.062  r +0.763  bias -0.066  rPIT    15.2  shareCRPS 0.06517
  E_E      CRPS 1.9975  MAE 3.081  r +0.760  bias -0.066  rPIT    16.1  shareCRPS 0.06556
  E_AB     CRPS 1.9707  MAE 3.032  r +0.765  bias -0.066  rPIT    20.4  shareCRPS 0.06456
  E_ABC    CRPS 1.9543  MAE 3.002  r +0.768  bias -0.065  rPIT    22.5  shareCRPS 0.06382
  E_ABCD   CRPS 1.9569  MAE 3.014  r +0.769  bias -0.066  rPIT    16.8  shareCRPS 0.06394
  E_ABCDE  CRPS 1.9586  MAE 3.018  r +0.768  bias -0.066  rPIT    18.7  shareCRPS 0.06402

== 2024  n=2166 G=544 ==
  P4C      CRPS 2.1103  MAE 3.193  r +0.752  bias +0.037  rPIT     9.0  shareCRPS 0.07016
  E_0      CRPS 2.1187  MAE 3.221  r +0.751  bias +0.031  rPIT     7.9  shareCRPS 0.07053
  E_A      CRPS 2.1111  MAE 3.184  r +0.751  bias +0.040  rPIT     5.8  shareCRPS 0.07022
  E_B      CRPS 2.1046  MAE 3.204  r +0.754  bias +0.027  rPIT    10.0  shareCRPS 0.07004
  E_C      CRPS 2.1022  MAE 3.197  r +0.755  bias +0.028  rPIT     5.8  shareCRPS 0.06983
  E_D      CRPS 2.1094  MAE 3.202  r +0.752  bias +0.030  rPIT     6.5  shareCRPS 0.07016
  E_E      CRPS 2.1177  MAE 3.220  r +0.751  bias +0.031  rPIT     6.1  shareCRPS 0.07050
  E_AB     CRPS 2.0958  MAE 3.161  r +0.755  bias +0.038  rPIT     8.0  shareCRPS 0.06966
  E_ABC    CRPS 2.0892  MAE 3.160  r +0.757  bias +0.036  rPIT     7.1  shareCRPS 0.06932
  E_ABCD   CRPS 2.0924  MAE 3.166  r +0.756  bias +0.036  rPIT     5.6  shareCRPS 0.06942
  E_ABCDE  CRPS 2.0909  MAE 3.165  r +0.757  bias +0.036  rPIT     4.9  shareCRPS 0.06937

== 2025  n=2174 G=544 ==
  P4C      CRPS 2.0545  MAE 3.131  r +0.755  bias +0.002  rPIT     9.7  shareCRPS 0.06794
  E_0      CRPS 2.0690  MAE 3.170  r +0.752  bias -0.002  rPIT    13.9  shareCRPS 0.06855
  E_A      CRPS 2.0607  MAE 3.137  r +0.753  bias +0.002  rPIT    10.9  shareCRPS 0.06815
  E_B      CRPS 2.0469  MAE 3.129  r +0.757  bias -0.003  rPIT    14.5  shareCRPS 0.06763
  E_C      CRPS 2.0468  MAE 3.121  r +0.757  bias -0.002  rPIT    21.1  shareCRPS 0.06756
  E_D      CRPS 2.0666  MAE 3.157  r +0.753  bias -0.002  rPIT    15.9  shareCRPS 0.06846
  E_E      CRPS 2.0684  MAE 3.169  r +0.753  bias -0.002  rPIT    12.4  shareCRPS 0.06853
  E_AB     CRPS 2.0409  MAE 3.102  r +0.757  bias +0.001  rPIT    11.5  shareCRPS 0.06730
  E_ABC    CRPS 2.0372  MAE 3.087  r +0.758  bias +0.001  rPIT    12.0  shareCRPS 0.06712
  E_ABCD   CRPS 2.0437  MAE 3.103  r +0.757  bias +0.001  rPIT    11.0  shareCRPS 0.06740
  E_ABCDE  CRPS 2.0432  MAE 3.104  r +0.757  bias -0.000  rPIT    15.3  shareCRPS 0.06742

== pooled ==
  P4C      pooled 2.0206  delta +0.0000  seasons better 0/4  shapley recovered +0.00%
  E_0      pooled 2.0311  delta +0.0105  seasons better 0/4  shapley recovered -1.03%  95% [+0.0063, +0.0143] clusters 2174
  E_A      pooled 2.0274  delta +0.0068  seasons better 1/4  shapley recovered -0.67%  95% [+0.0015, +0.0123] clusters 2174
  E_B      pooled 2.0112  delta -0.0094  seasons better 3/4  shapley recovered +0.93%  95% [-0.0160, -0.0036] clusters 2174
  E_C      pooled 2.0108  delta -0.0099  seasons better 3/4  shapley recovered +0.97%  95% [-0.0159, -0.0033] clusters 2174
  E_D      pooled 2.0234  delta +0.0028  seasons better 2/4  shapley recovered -0.28%  95% [-0.0026, +0.0083] clusters 2174
  E_E      pooled 2.0307  delta +0.0101  seasons better 0/4  shapley recovered -0.99%  95% [+0.0057, +0.0141] clusters 2174
  E_AB     pooled 2.0082  delta -0.0124  seasons better 3/4  shapley recovered +1.22%  95% [-0.0185, -0.0062] clusters 2174
  E_ABC    pooled 2.0009  delta -0.0197  seasons better 3/4  shapley recovered +1.94%  95% [-0.0268, -0.0119] clusters 2174
  E_ABCD   pooled 2.0049  delta -0.0157  seasons better 3/4  shapley recovered +1.55%  95% [-0.0231, -0.0079] clusters 2174
  E_ABCDE  pooled 2.0051  delta -0.0155  seasons better 3/4  shapley recovered +1.53%  95% [-0.0232, -0.0078] clusters 2174

done in 49s -> p4e_results.json
