panel 83144 rows (25474 zero-opportunity rows added)
wrote results.json

=== snap_share (WR,TE,RB)
 2022 n=  7945 lag1=0.1506 ma3=0.1583 r=0.711 | ma3-lag1 +0.00773 [+0.00420,+0.01149] does NOT beat persistence
      prior=0.2814  std=0.1931  lag1=0.1506  ma3=0.1583  ma5=0.1707  ewma3=0.1651  shrink2=0.2009  shrink4=0.2064  shrink8=0.2143
 2023 n=  7675 lag1=0.1458 ma3=0.1513 r=0.731 | ma3-lag1 +0.00546 [+0.00195,+0.00882] does NOT beat persistence
      prior=0.2746  std=0.1882  lag1=0.1458  ma3=0.1513  ma5=0.1592  ewma3=0.1558  shrink2=0.1946  shrink4=0.1994  shrink8=0.2065
 2024 n=  7641 lag1=0.1519 ma3=0.1577 r=0.711 | ma3-lag1 +0.00562 [+0.00162,+0.00971] does NOT beat persistence
      prior=0.2763  std=0.1962  lag1=0.1519  ma3=0.1577  ma5=0.1673  ewma3=0.1613  shrink2=0.2024  shrink4=0.2068  shrink8=0.2132
 2025 n=  7532 lag1=0.1522 ma3=0.1579 r=0.710 | ma3-lag1 +0.00567 [+0.00190,+0.00953] does NOT beat persistence
      prior=0.2743  std=0.1932  lag1=0.1522  ma3=0.1579  ma5=0.1658  ewma3=0.1605  shrink2=0.1992  shrink4=0.2036  shrink8=0.2099

=== rpr (WR,TE,RB)
 2022 n=  8209 lag1=0.1555 ma3=0.1646 r=0.714 | ma3-lag1 +0.00912 [+0.00533,+0.01284] does NOT beat persistence
      prior=0.2988  std=0.2031  lag1=0.1555  ma3=0.1646  ma5=0.1774  ewma3=0.1723  shrink2=0.2114  shrink4=0.2173  shrink8=0.2260
 2023 n=  7941 lag1=0.1498 ma3=0.1553 r=0.742 | ma3-lag1 +0.00550 [+0.00174,+0.00948] does NOT beat persistence
      prior=0.2937  std=0.1980  lag1=0.1498  ma3=0.1553  ma5=0.1641  ewma3=0.1609  shrink2=0.2052  shrink4=0.2107  shrink8=0.2187
 2024 n=  7852 lag1=0.1540 ma3=0.1617 r=0.726 | ma3-lag1 +0.00757 [+0.00363,+0.01160] does NOT beat persistence
      prior=0.2967  std=0.2027  lag1=0.1540  ma3=0.1617  ma5=0.1721  ewma3=0.1663  shrink2=0.2102  shrink4=0.2154  shrink8=0.2229
 2025 n=  7875 lag1=0.1556 ma3=0.1621 r=0.721 | ma3-lag1 +0.00653 [+0.00265,+0.01035] does NOT beat persistence
      prior=0.2935  std=0.1996  lag1=0.1556  ma3=0.1621  ma5=0.1703  ewma3=0.1656  shrink2=0.2062  shrink4=0.2111  shrink8=0.2184

=== target_share (WR,TE,RB)
 2022 n=  8209 lag1=0.0504 ewma3=0.0464 r=0.681 | ewma3-lag1 -0.00408 [-0.00536,-0.00289] BEATS persistence
      prior=0.0704  std=0.0508  lag1=0.0504  ma3=0.0469  ma5=0.0478  ewma3=0.0464  shrink2=0.0525  shrink4=0.0536  shrink8=0.0552
 2023 n=  7941 lag1=0.0495 ewma3=0.0451 r=0.711 | ewma3-lag1 -0.00436 [-0.00563,-0.00316] BEATS persistence
      prior=0.0704  std=0.0503  lag1=0.0495  ma3=0.0458  ma5=0.0464  ewma3=0.0451  shrink2=0.0514  shrink4=0.0523  shrink8=0.0538
 2024 n=  7852 lag1=0.0515 ewma3=0.0467 r=0.691 | ewma3-lag1 -0.00479 [-0.00602,-0.00352] BEATS persistence
      prior=0.0716  std=0.0530  lag1=0.0515  ma3=0.0476  ma5=0.0481  ewma3=0.0467  shrink2=0.0544  shrink4=0.0553  shrink8=0.0566
 2025 n=  7875 lag1=0.0504 ewma3=0.0459 r=0.696 | ewma3-lag1 -0.00453 [-0.00576,-0.00331] BEATS persistence
      prior=0.0710  std=0.0520  lag1=0.0504  ma3=0.0468  ma5=0.0470  ewma3=0.0459  shrink2=0.0532  shrink4=0.0542  shrink8=0.0555

=== carry_share (RB)
 2022 n=  2399 lag1=0.1033 ma3=0.1062 r=0.743 | ma3-lag1 +0.00281 [-0.00095,+0.00653] does NOT beat persistence
      prior=0.1988  std=0.1265  lag1=0.1033  ma3=0.1062  ma5=0.1122  ewma3=0.1075  shrink2=0.1314  shrink4=0.1352  shrink8=0.1411
 2023 n=  2281 lag1=0.1051 ma3=0.1110 r=0.722 | ma3-lag1 +0.00589 [+0.00156,+0.01048] does NOT beat persistence
      prior=0.2023  std=0.1392  lag1=0.1051  ma3=0.1110  ma5=0.1168  ewma3=0.1132  shrink2=0.1422  shrink4=0.1447  shrink8=0.1489
 2024 n=  2199 lag1=0.1255 ma3=0.1197 r=0.696 | ma3-lag1 -0.00599 [-0.01179,+0.00001] does NOT beat persistence
      prior=0.2029  std=0.1454  lag1=0.1255  ma3=0.1197  ma5=0.1250  ewma3=0.1210  shrink2=0.1485  shrink4=0.1507  shrink8=0.1540
 2025 n=  2209 lag1=0.1057 ewma3=0.1054 r=0.777 | ewma3-lag1 -0.00016 [-0.00532,+0.00525] does NOT beat persistence
      prior=0.2060  std=0.1308  lag1=0.1057  ma3=0.1070  ma5=0.1101  ewma3=0.1054  shrink2=0.1357  shrink4=0.1394  shrink8=0.1449

=== rz_carry_share (RB)
 2022 n=  2237 lag1=0.1716 ewma3=0.1641 r=0.550 | ewma3-lag1 -0.00754 [-0.01480,+0.00033] does NOT beat persistence
      prior=0.2354  std=0.1762  lag1=0.1716  ma3=0.1645  ma5=0.1675  ewma3=0.1641  shrink2=0.1811  shrink4=0.1851  shrink8=0.1907
 2023 n=  2130 lag1=0.1653 ma3=0.1614 r=0.549 | ma3-lag1 -0.00375 [-0.01024,+0.00276] does NOT beat persistence
      prior=0.2390  std=0.1871  lag1=0.1653  ma3=0.1614  ma5=0.1630  ewma3=0.1641  shrink2=0.1911  shrink4=0.1940  shrink8=0.1981
 2024 n=  2056 lag1=0.1866 ewma3=0.1710 r=0.565 | ewma3-lag1 -0.01588 [-0.02527,-0.00628] BEATS persistence
      prior=0.2451  std=0.1922  lag1=0.1866  ma3=0.1717  ma5=0.1734  ewma3=0.1710  shrink2=0.1976  shrink4=0.2007  shrink8=0.2048
 2025 n=  2069 lag1=0.1768 ewma3=0.1629 r=0.598 | ewma3-lag1 -0.01382 [-0.02107,-0.00676] BEATS persistence
      prior=0.2427  std=0.1820  lag1=0.1768  ma3=0.1661  ma5=0.1669  ewma3=0.1629  shrink2=0.1881  shrink4=0.1922  shrink8=0.1974

=== team_dropbacks (QB)
 2022 n=  1029 lag1=9.1574 shrink8=7.0238 r=0.221 | shrink8-lag1 -2.14839 [-2.56839,-1.71445] BEATS persistence
      prior=7.2040  std=7.1167  lag1=9.1574  ma3=7.6375  ma5=7.2139  ewma3=7.0619  shrink2=7.0585  shrink4=7.0384  shrink8=7.0238
 2023 n=  1092 lag1=8.2318 shrink8=6.3314 r=0.107 | shrink8-lag1 -1.89405 [-2.20760,-1.58133] BEATS persistence
      prior=6.3591  std=6.4866  lag1=8.2318  ma3=7.0668  ma5=6.7833  ewma3=6.5968  shrink2=6.3892  shrink4=6.3601  shrink8=6.3314
 2024 n=  1099 lag1=8.4965 shrink8=6.6253 r=0.100 | shrink8-lag1 -1.86915 [-2.23779,-1.49390] BEATS persistence
      prior=6.6358  std=6.7339  lag1=8.4965  ma3=7.2391  ma5=6.9729  ewma3=6.7588  shrink2=6.6764  shrink4=6.6523  shrink8=6.6253
 2025 n=  1142 lag1=8.8708 shrink4=6.7237 r=0.188 | shrink4-lag1 -2.14922 [-2.47348,-1.80549] BEATS persistence
      prior=6.9085  std=6.7970  lag1=8.8708  ma3=7.1593  ma5=6.8978  ewma3=6.7281  shrink2=6.7278  shrink4=6.7237  shrink8=6.7280

=== pass_att_as_passer (QB)
 2022 n=  1029 lag1=10.6800 ewma3=10.9430 r=0.617 | ewma3-lag1 +0.27881 [-0.58401,+1.15896] does NOT beat persistence
      prior=16.8650  std=11.7527  lag1=10.6800  ma3=11.0294  ma5=11.3545  ewma3=10.9430  shrink2=12.0609  shrink4=12.3220  shrink8=12.7164
 2023 n=  1092 lag1=8.9753 ma3=9.8547 r=0.653 | ma3-lag1 +0.86534 [+0.31918,+1.37733] does NOT beat persistence
      prior=16.8840  std=12.2528  lag1=8.9753  ma3=9.8547  ma5=10.3771  ewma3=10.2067  shrink2=12.6011  shrink4=12.8349  shrink8=13.1916
 2024 n=  1099 lag1=9.0525 ma3=9.6472 r=0.645 | ma3-lag1 +0.59442 [-0.01681,+1.21820] does NOT beat persistence
      prior=16.5523  std=11.7432  lag1=9.0525  ma3=9.6472  ma5=10.4393  ewma3=10.1545  shrink2=12.0153  shrink4=12.2543  shrink8=12.6213
 2025 n=  1142 lag1=9.1879 ma3=9.3339 r=0.651 | ma3-lag1 +0.14755 [-0.44596,+0.73213] does NOT beat persistence
      prior=16.4183  std=11.7886  lag1=9.1879  ma3=9.3339  ma5=9.8057  ewma3=9.7118  shrink2=12.1803  shrink4=12.3817  shrink8=12.6587

=== scrambles (QB)
 2022 n=  1029 lag1=0.9618 ewma3=0.8588 r=0.481 | ewma3-lag1 -0.10235 [-0.16017,-0.04647] BEATS persistence
      prior=1.0687  std=0.9066  lag1=0.9618  ma3=0.8953  ma5=0.8837  ewma3=0.8588  shrink2=0.9140  shrink4=0.9236  shrink8=0.9387
 2023 n=  1092 lag1=0.9926 ewma3=0.9098 r=0.455 | ewma3-lag1 -0.08495 [-0.15345,-0.01149] BEATS persistence
      prior=1.1193  std=0.9576  lag1=0.9926  ma3=0.9246  ma5=0.9203  ewma3=0.9098  shrink2=0.9636  shrink4=0.9708  shrink8=0.9833
 2024 n=  1099 lag1=0.9330 ewma3=0.8614 r=0.546 | ewma3-lag1 -0.07177 [-0.12148,-0.01768] BEATS persistence
      prior=1.1325  std=0.9533  lag1=0.9330  ma3=0.8744  ma5=0.8686  ewma3=0.8614  shrink2=0.9632  shrink4=0.9753  shrink8=0.9921
 2025 n=  1142 lag1=0.9232 ewma3=0.8735 r=0.515 | ewma3-lag1 -0.04986 [-0.10558,+0.00476] does NOT beat persistence
      prior=1.1456  std=0.9704  lag1=0.9232  ma3=0.8851  ma5=0.8803  ewma3=0.8735  shrink2=0.9822  shrink4=0.9896  shrink8=0.9996

=== designed_rushes (QB)
 2022 n=  1029 lag1=1.4140 ewma3=1.2761 r=0.542 | ewma3-lag1 -0.13666 [-0.22310,-0.05585] BEATS persistence
      prior=1.5786  std=1.3124  lag1=1.4140  ma3=1.3282  ma5=1.3186  ewma3=1.2761  shrink2=1.3271  shrink4=1.3405  shrink8=1.3621
 2023 n=  1092 lag1=1.2658 ma3=1.1579 r=0.496 | ma3-lag1 -0.10914 [-0.17304,-0.04029] BEATS persistence
      prior=1.4669  std=1.2126  lag1=1.2658  ma3=1.1579  ma5=1.1824  ewma3=1.1607  shrink2=1.2184  shrink4=1.2262  shrink8=1.2389
 2024 n=  1099 lag1=1.2110 ewma3=1.1143 r=0.564 | ewma3-lag1 -0.09686 [-0.16681,-0.01563] BEATS persistence
      prior=1.4402  std=1.1688  lag1=1.2110  ma3=1.1470  ma5=1.1503  ewma3=1.1143  shrink2=1.1805  shrink4=1.1904  shrink8=1.2038
 2025 n=  1142 lag1=1.1783 ewma3=1.0789 r=0.426 | ewma3-lag1 -0.09680 [-0.17040,-0.02555] BEATS persistence
      prior=1.3288  std=1.2048  lag1=1.1783  ma3=1.1075  ma5=1.0800  ewma3=1.0789  shrink2=1.2115  shrink4=1.2152  shrink8=1.2196
