panel 57670 rows (25474 zero rows added; ARM=CONDITIOwrotewrote results.json

=== snap_share (WR,TE,RB)
 2022 n=  5500 lag1=0.1386 ewma3=0.1338 r=0.778 | ewma3-lag1 -0.00479 [-0.00813,-0.00140] BEATS persistence
      prior=0.2405  std=0.1583  lag1=0.1386  ma3=0.1341  ma5=0.1376  ewma3=0.1338  shrink2=0.1630  shrink4=0.1672  shrink8=0.1737
 2023 n=  5539 lag1=0.1319 ma3=0.1267 r=0.795 | ma3-lag1 -0.00512 [-0.00777,-0.00248] BEATS persistence
      prior=0.2390  std=0.1543  lag1=0.1319  ma3=0.1267  ma5=0.1282  ewma3=0.1273  shrink2=0.1588  shrink4=0.1631  shrink8=0.1698
 2024 n=  5483 lag1=0.1377 ewma3=0.1314 r=0.780 | ewma3-lag1 -0.00629 [-0.00980,-0.00243] BEATS persistence
      prior=0.2358  std=0.1607  lag1=0.1377  ma3=0.1316  ma5=0.1336  ewma3=0.1314  shrink2=0.1644  shrink4=0.1685  shrink8=0.1743
 2025 n=  5352 lag1=0.1403 ewma3=0.1291 r=0.779 | ewma3-lag1 -0.01121 [-0.01429,-0.00794] BEATS persistence
      prior=0.2300  std=0.1559  lag1=0.1403  ma3=0.1326  ma5=0.1333  ewma3=0.1291  shrink2=0.1589  shrink4=0.1627  shrink8=0.1684

=== rpr (WR,TE,RB)
 2022 n=  5764 lag1=0.1448 ewma3=0.1414 r=0.792 | ewma3-lag1 -0.00342 [-0.00704,+0.00035] does NOT beat persistence
      prior=0.2638  std=0.1678  lag1=0.1448  ma3=0.1418  ma5=0.1451  ewma3=0.1414  shrink2=0.1741  shrink4=0.1794  shrink8=0.1875
 2023 n=  5805 lag1=0.1364 ma3=0.1314 r=0.814 | ma3-lag1 -0.00494 [-0.00751,-0.00229] BEATS persistence
      prior=0.2664  std=0.1640  lag1=0.1364  ma3=0.1314  ma5=0.1341  ewma3=0.1332  shrink2=0.1705  shrink4=0.1760  shrink8=0.1843
 2024 n=  5694 lag1=0.1408 ewma3=0.1354 r=0.806 | ewma3-lag1 -0.00540 [-0.00878,-0.00173] BEATS persistence
      prior=0.2639  std=0.1668  lag1=0.1408  ma3=0.1359  ma5=0.1381  ewma3=0.1354  shrink2=0.1719  shrink4=0.1767  shrink8=0.1838
 2025 n=  5695 lag1=0.1417 ewma3=0.1347 r=0.803 | ewma3-lag1 -0.00708 [-0.01048,-0.00339] BEATS persistence
      prior=0.2578  std=0.1622  lag1=0.1417  ma3=0.1366  ma5=0.1380  ewma3=0.1347  shrink2=0.1670  shrink4=0.1717  shrink8=0.1786

=== target_share (WR,TE,RB)
 2022 n=  5764 lag1=0.0596 ewma3=0.0491 r=0.727 | ewma3-lag1 -0.01048 [-0.01168,-0.00928] BEATS persistence
      prior=0.0722  std=0.0519  lag1=0.0596  ma3=0.0519  ma5=0.0505  ewma3=0.0491  shrink2=0.0531  shrink4=0.0541  shrink8=0.0556
 2023 n=  5805 lag1=0.0574 ewma3=0.0476 r=0.745 | ewma3-lag1 -0.00981 [-0.01110,-0.00860] BEATS persistence
      prior=0.0736  std=0.0514  lag1=0.0574  ma3=0.0497  ma5=0.0488  ewma3=0.0476  shrink2=0.0524  shrink4=0.0533  shrink8=0.0548
 2024 n=  5694 lag1=0.0589 ewma3=0.0491 r=0.740 | ewma3-lag1 -0.00980 [-0.01099,-0.00859] BEATS persistence
      prior=0.0741  std=0.0540  lag1=0.0589  ma3=0.0512  ma5=0.0502  ewma3=0.0491  shrink2=0.0548  shrink4=0.0556  shrink8=0.0569
 2025 n=  5695 lag1=0.0581 ewma3=0.0483 r=0.742 | ewma3-lag1 -0.00975 [-0.01090,-0.00856] BEATS persistence
      prior=0.0733  std=0.0525  lag1=0.0581  ma3=0.0508  ma5=0.0495  ewma3=0.0483  shrink2=0.0534  shrink4=0.0543  shrink8=0.0556

=== carry_share (RB)
 2022 n=  1664 lag1=0.1168 ewma3=0.1050 r=0.810 | ewma3-lag1 -0.01193 [-0.01650,-0.00709] BEATS persistence
      prior=0.2097  std=0.1192  lag1=0.1168  ma3=0.1057  ma5=0.1076  ewma3=0.1050  shrink2=0.1239  shrink4=0.1284  shrink8=0.1362
 2023 n=  1598 lag1=0.1113 ma3=0.1057 r=0.802 | ma3-lag1 -0.00579 [-0.00941,-0.00197] BEATS persistence
      prior=0.2130  std=0.1293  lag1=0.1113  ma3=0.1057  ma5=0.1072  ewma3=0.1059  shrink2=0.1319  shrink4=0.1350  shrink8=0.1405
 2024 n=  1560 lag1=0.1231 ewma3=0.1094 r=0.795 | ewma3-lag1 -0.01364 [-0.01920,-0.00782] BEATS persistence
      prior=0.2123  std=0.1347  lag1=0.1231  ma3=0.1113  ma5=0.1114  ewma3=0.1094  shrink2=0.1367  shrink4=0.1392  shrink8=0.1434
 2025 n=  1584 lag1=0.1141 ewma3=0.1013 r=0.824 | ewma3-lag1 -0.01286 [-0.01793,-0.00770] BEATS persistence
      prior=0.2132  std=0.1218  lag1=0.1141  ma3=0.1019  ma5=0.1017  ewma3=0.1013  shrink2=0.1267  shrink4=0.1309  shrink8=0.1372

=== rz_carry_share (RB)
 2022 n=  1553 lag1=0.2281 ewma3=0.1956 r=0.547 | ewma3-lag1 -0.03247 [-0.04257,-0.02239] BEATS persistence
      prior=0.2717  std=0.1997  lag1=0.2281  ma3=0.2059  ma5=0.2014  ewma3=0.1956  shrink2=0.2058  shrink4=0.2105  shrink8=0.2172
 2023 n=  1486 lag1=0.2131 ewma3=0.1905 r=0.594 | ewma3-lag1 -0.02265 [-0.03252,-0.01197] BEATS persistence
      prior=0.2757  std=0.2070  lag1=0.2131  ma3=0.1918  ma5=0.1909  ewma3=0.1905  shrink2=0.2114  shrink4=0.2146  shrink8=0.2198
 2024 n=  1460 lag1=0.2186 ewma3=0.1912 r=0.601 | ewma3-lag1 -0.02715 [-0.03667,-0.01735] BEATS persistence
      prior=0.2795  std=0.2114  lag1=0.2186  ma3=0.1967  ma5=0.1927  ewma3=0.1912  shrink2=0.2162  shrink4=0.2191  shrink8=0.2235
 2025 n=  1486 lag1=0.2261 ewma3=0.1916 r=0.592 | ewma3-lag1 -0.03454 [-0.04309,-0.02654] BEATS persistence
      prior=0.2734  std=0.2010  lag1=0.2261  ma3=0.1999  ma5=0.1954  ewma3=0.1916  shrink2=0.2072  shrink4=0.2116  shrink8=0.2175

=== team_dropbacks (QB)
 2022 n=   638 lag1=8.8019 shrink8=6.8244 r=0.291 | shrink8-lag1 -1.96599 [-2.44147,-1.48690] BEATS persistence
      prior=7.0929  std=6.9471  lag1=8.8019  ma3=7.3999  ma5=7.1932  ewma3=7.0079  shrink2=6.8461  shrink4=6.8292  shrink8=6.8244
 2023 n=   680 lag1=8.2794 shrink8=6.1752 r=0.151 | shrink8-lag1 -2.09983 [-2.51958,-1.70001] BEATS persistence
      prior=6.2950  std=6.4003  lag1=8.2794  ma3=6.9357  ma5=6.7671  ewma3=6.5155  shrink2=6.2546  shrink4=6.2074  shrink8=6.1752
 2024 n=   664 lag1=8.0978 shrink8=6.5038 r=0.139 | shrink8-lag1 -1.59549 [-2.00145,-1.16588] BEATS persistence
      prior=6.5753  std=6.6297  lag1=8.0978  ma3=7.0903  ma5=6.8344  ewma3=6.5686  shrink2=6.5471  shrink4=6.5216  shrink8=6.5038
 2025 n=   677 lag1=8.6565 shrink2=6.5397 r=0.266 | shrink2-lag1 -2.12682 [-2.57681,-1.65367] BEATS persistence
      prior=6.8295  std=6.5882  lag1=8.6565  ma3=7.1250  ma5=6.9707  ewma3=6.6621  shrink2=6.5397  shrink4=6.5428  shrink8=6.5523

=== pass_att_as_passer (QB)
 2022 n=   638 lag1=10.3349 ewma3=8.8934 r=0.543 | ewma3-lag1 -1.44621 [-2.04355,-0.81644] BEATS persistence
      prior=10.6623  std=9.1711  lag1=10.3349  ma3=9.4271  ma5=9.2333  ewma3=8.8934  shrink2=9.0665  shrink4=9.1212  shrink8=9.2290
 2023 n=   680 lag1=9.8923 ewma3=8.9267 r=0.581 | ewma3-lag1 -0.95904 [-1.71516,-0.22081] BEATS persistence
      prior=11.0274  std=9.6296  lag1=9.8923  ma3=9.2267  ma5=8.9962  ewma3=8.9267  shrink2=9.5559  shrink4=9.5876  shrink8=9.6511
 2024 n=   664 lag1=10.0960 ewma3=9.1415 r=0.530 | ewma3-lag1 -0.93804 [-1.57809,-0.22353] BEATS persistence
      prior=10.6421  std=9.5502  lag1=10.0960  ma3=9.4374  ma5=9.4203  ewma3=9.1415  shrink2=9.6055  shrink4=9.6590  shrink8=9.7367
 2025 n=   677 lag1=10.1059 ewma3=9.1580 r=0.530 | ewma3-lag1 -0.94460 [-1.64387,-0.21214] BEATS persistence
      prior=10.9443  std=9.7421  lag1=10.1059  ma3=9.4995  ma5=9.5527  ewma3=9.1580  shrink2=9.7139  shrink4=9.7392  shrink8=9.7821

=== scrambles (QB)
 2022 n=   638 lag1=1.2597 ewma3=1.0856 r=0.468 | ewma3-lag1 -0.17580 [-0.24609,-0.10774] BEATS persistence
      prior=1.2345  std=1.1024  lag1=1.2597  ma3=1.1395  ma5=1.1178  ewma3=1.0856  shrink2=1.0953  shrink4=1.0963  shrink8=1.1033
 2023 n=   680 lag1=1.3913 shrink2=1.1419 r=0.452 | shrink2-lag1 -0.24645 [-0.34550,-0.13467] BEATS persistence
      prior=1.3133  std=1.1425  lag1=1.3913  ma3=1.1943  ma5=1.1615  ewma3=1.1479  shrink2=1.1419  shrink4=1.1459  shrink8=1.1541
 2024 n=   664 lag1=1.3593 ewma3=1.1400 r=0.464 | ewma3-lag1 -0.21645 [-0.28974,-0.14225] BEATS persistence
      prior=1.3166  std=1.1544  lag1=1.3593  ma3=1.2014  ma5=1.1669  ewma3=1.1400  shrink2=1.1526  shrink4=1.1594  shrink8=1.1714
 2025 n=   677 lag1=1.3358 ewma3=1.1220 r=0.483 | ewma3-lag1 -0.21438 [-0.29599,-0.13780] BEATS persistence
      prior=1.3468  std=1.1329  lag1=1.3358  ma3=1.2083  ma5=1.1592  ewma3=1.1220  shrink2=1.1271  shrink4=1.1303  shrink8=1.1394

=== designed_rushes (QB)
 2022 n=   638 lag1=1.8621 std=1.4429 r=0.597 | std-lag1 -0.41973 [-0.53081,-0.30970] BEATS persistence
      prior=1.7495  std=1.4429  lag1=1.8621  ma3=1.5849  ma5=1.5145  ewma3=1.4680  shrink2=1.4473  shrink4=1.4579  shrink8=1.4804
 2023 n=   680 lag1=1.7446 shrink2=1.3857 r=0.549 | shrink2-lag1 -0.35859 [-0.48545,-0.23930] BEATS persistence
      prior=1.6323  std=1.3907  lag1=1.7446  ma3=1.4725  ma5=1.4327  ewma3=1.4023  shrink2=1.3857  shrink4=1.3922  shrink8=1.4054
 2024 n=   664 lag1=1.6463 shrink2=1.3185 r=0.612 | shrink2-lag1 -0.33008 [-0.45935,-0.19702] BEATS persistence
      prior=1.6025  std=1.3242  lag1=1.6463  ma3=1.4153  ma5=1.3715  ewma3=1.3287  shrink2=1.3185  shrink4=1.3223  shrink8=1.3338
 2025 n=   677 lag1=1.6235 ewma3=1.3267 r=0.406 | ewma3-lag1 -0.29858 [-0.38644,-0.20025] BEATS persistence
      prior=1.4654  std=1.3754  lag1=1.6235  ma3=1.3911  ma5=1.3557  ewma3=1.3267  shrink2=1.3664  shrink4=1.3683  shrink8=1.3712
 lag1=1.1783  ma3=1.1075  ma5=1.0800  ewma3=1.0789  shrink2=1.2115  shrink4=1.2152  shrink8=1.2196
