
2022 downstream rushing yards (frozen P5A control conversion)
  A_baseline       CRPS  10.3032 (  +0.00%) MAE  16.051 r +0.688 rPIT    18.2
  O_T              CRPS   9.0473 ( -12.19%) MAE  14.158 r +0.776 rPIT    18.6
  O_S              CRPS   7.4956 ( -27.25%) MAE  10.378 r +0.804 rPIT    63.2
  O_A              CRPS   9.0256 ( -12.40%) MAE  13.333 r +0.738 rPIT     6.1
  O_S_T            CRPS   5.7345 ( -44.34%) MAE   7.823 r +0.892 rPIT    70.0
  O_A_T            CRPS   7.6138 ( -26.10%) MAE  11.264 r +0.827 rPIT     5.7
  O_A_S            CRPS   6.8902 ( -33.13%) MAE   9.719 r +0.819 rPIT    12.4
  O_A_S_T          CRPS   4.9886 ( -51.58%) MAE   6.955 r +0.910 rPIT    18.3
  Shapley % (yards): T= 29.8%  S= 51.2%  A= 19.1%
  carry bias by efficiency history: high: pred 8.79 vs real 10.64 (-17.4%)  low: pred 6.77 vs real 8.33 (-18.7%)  none: pred 2.16 vs real 0.56 (+288.3%)

2023 downstream rushing yards (frozen P5A control conversion)
  A_baseline       CRPS  10.0777 (  +0.00%) MAE  15.628 r +0.658 rPIT    28.7
  O_T              CRPS   9.0154 ( -10.54%) MAE  13.931 r +0.735 rPIT    37.7
  O_S              CRPS   7.4564 ( -26.01%) MAE  10.391 r +0.791 rPIT    41.7
  O_A              CRPS   8.6602 ( -14.07%) MAE  12.883 r +0.722 rPIT    32.6
  O_S_T            CRPS   5.8000 ( -42.45%) MAE   7.871 r +0.877 rPIT    60.2
  O_A_T            CRPS   7.3733 ( -26.84%) MAE  10.892 r +0.802 rPIT    29.2
  O_A_S            CRPS   6.7907 ( -32.62%) MAE   9.852 r +0.811 rPIT    16.0
  O_A_S_T          CRPS   4.9163 ( -51.22%) MAE   7.019 r +0.903 rPIT    28.7
  Shapley % (yards): T= 28.5%  S= 49.2%  A= 22.3%
  carry bias by efficiency history: high: pred 8.69 vs real 10.37 (-16.1%)  low: pred 7.34 vs real 8.52 (-13.8%)  none: pred 2.19 vs real 0.54 (+304.4%)

2024 downstream rushing yards (frozen P5A control conversion)
  A_baseline       CRPS  11.2439 (  +0.00%) MAE  17.110 r +0.668 rPIT    15.8
  O_T              CRPS   9.8858 ( -12.08%) MAE  14.977 r +0.754 rPIT     6.9
  O_S              CRPS   8.2748 ( -26.41%) MAE  11.631 r +0.789 rPIT    54.7
  O_A              CRPS   9.4374 ( -16.07%) MAE  13.889 r +0.751 rPIT     9.5
  O_S_T            CRPS   6.3929 ( -43.14%) MAE   8.789 r +0.877 rPIT    73.2
  O_A_T            CRPS   7.8549 ( -30.14%) MAE  11.461 r +0.837 rPIT    13.4
  O_A_S            CRPS   7.4467 ( -33.77%) MAE  10.568 r +0.818 rPIT     3.4
  O_A_S_T          CRPS   5.3824 ( -52.13%) MAE   7.571 r +0.911 rPIT     7.1
  Shapley % (yards): T= 29.3%  S= 46.5%  A= 24.1%
  carry bias by efficiency history: high: pred 8.89 vs real 10.74 (-17.2%)  low: pred 6.94 vs real 7.98 (-13.0%)  none: pred 2.25 vs real 0.57 (+290.8%)

2025 downstream rushing yards (frozen P5A control conversion)
  A_baseline       CRPS  10.9605 (  +0.00%) MAE  16.725 r +0.661 rPIT    12.0
  O_T              CRPS   9.7779 ( -10.79%) MAE  14.789 r +0.735 rPIT    19.1
  O_S              CRPS   8.2052 ( -25.14%) MAE  11.366 r +0.777 rPIT    60.8
  O_A              CRPS   9.2814 ( -15.32%) MAE  13.614 r +0.733 rPIT    17.8
  O_S_T            CRPS   6.5351 ( -40.38%) MAE   8.841 r +0.861 rPIT    49.5
  O_A_T            CRPS   7.9127 ( -27.81%) MAE  11.582 r +0.812 rPIT    12.7
  O_A_S            CRPS   7.4658 ( -31.88%) MAE  10.588 r +0.798 rPIT     8.6
  O_A_S_T          CRPS   5.5963 ( -48.94%) MAE   7.850 r +0.888 rPIT     9.7
  Shapley % (yards): T= 28.4%  S= 47.2%  A= 24.4%
  carry bias by efficiency history: high: pred 9.31 vs real 10.87 (-14.3%)  low: pred 6.94 vs real 8.61 (-19.4%)  none: pred 2.32 vs real 0.63 (+269.5%)

done in 26s -> p4cc_downstream.json
