
2022 n=2365 G=542  total CRPS reduction 1.9296 from base 1.9296
  A_baseline       CRPS  1.9296 (  +0.00%) MAE  3.017 r +0.770 rPIT     10.7
  O_T              CRPS  1.6177 ( -16.16%) MAE  2.583 r +0.842 rPIT     17.1
  O_S              CRPS  1.1358 ( -41.14%) MAE  1.551 r +0.900 rPIT     87.4
  O_A              CRPS  1.5661 ( -18.84%) MAE  2.305 r +0.832 rPIT     11.2
  O_S_T            CRPS  0.3632 ( -81.18%) MAE  0.677 r +0.976 rPIT     28.6
  O_A_T            CRPS  1.1988 ( -37.87%) MAE  1.760 r +0.908 rPIT     21.1
  O_A_S            CRPS  0.9309 ( -51.75%) MAE  1.336 r +0.919 rPIT     10.8
  O_A_S_T          CRPS  0.0000 (-100.00%) MAE  0.000 r +1.000 rPIT    361.4  identity |err| 1.91e-06
  Shapley %: T= 31.3%  S= 50.7%  A= 17.9%
  interactions: int_TS=+0.4607  int_TA=+0.0554  int_SA=-0.1586  int_TSA=+0.1029

2023 n=2255 G=544  total CRPS reduction 1.9973 from base 1.9973
  A_baseline       CRPS  1.9973 (  +0.00%) MAE  3.062 r +0.759 rPIT     21.3
  O_T              CRPS  1.7227 ( -13.75%) MAE  2.661 r +0.823 rPIT     12.4
  O_S              CRPS  1.1741 ( -41.21%) MAE  1.596 r +0.899 rPIT     79.9
  O_A              CRPS  1.5920 ( -20.29%) MAE  2.330 r +0.828 rPIT     33.9
  O_S_T            CRPS  0.4158 ( -79.18%) MAE  0.736 r +0.971 rPIT     20.9
  O_A_T            CRPS  1.2486 ( -37.49%) MAE  1.827 r +0.897 rPIT     36.4
  O_A_S            CRPS  0.9391 ( -52.98%) MAE  1.350 r +0.922 rPIT      7.7
  O_A_S_T          CRPS  0.0000 (-100.00%) MAE  0.000 r +1.000 rPIT    306.9  identity |err| 3.81e-06
  Shapley %: T= 29.5%  S= 50.9%  A= 19.6%
  interactions: int_TS=+0.4837  int_TA=+0.0688  int_SA=-0.1702  int_TSA=+0.1119

2024 n=2166 G=544  total CRPS reduction 2.1103 from base 2.1103
  A_baseline       CRPS  2.1103 (  +0.00%) MAE  3.193 r +0.752 rPIT      9.0
  O_T              CRPS  1.8265 ( -13.45%) MAE  2.762 r +0.814 rPIT      3.8
  O_S              CRPS  1.2267 ( -41.87%) MAE  1.684 r +0.893 rPIT    105.9
  O_A              CRPS  1.6078 ( -23.81%) MAE  2.348 r +0.847 rPIT     16.4
  O_S_T            CRPS  0.4577 ( -78.31%) MAE  0.871 r +0.961 rPIT     23.0
  O_A_T            CRPS  1.2487 ( -40.83%) MAE  1.787 r +0.913 rPIT     19.9
  O_A_S            CRPS  0.9558 ( -54.71%) MAE  1.355 r +0.925 rPIT      9.0
  O_A_S_T          CRPS  0.0000 (-100.00%) MAE  0.000 r +1.000 rPIT    306.8  identity |err| 1.91e-06
  Shapley %: T= 28.5%  S= 49.6%  A= 21.9%
  interactions: int_TS=+0.4853  int_TA=+0.0753  int_SA=-0.2316  int_TSA=+0.1115

2025 n=2174 G=544  total CRPS reduction 2.0545 from base 2.0545
  A_baseline       CRPS  2.0545 (  +0.00%) MAE  3.131 r +0.755 rPIT      9.7
  O_T              CRPS  1.7534 ( -14.66%) MAE  2.699 r +0.815 rPIT     13.6
  O_S              CRPS  1.2036 ( -41.41%) MAE  1.609 r +0.896 rPIT    108.0
  O_A              CRPS  1.5726 ( -23.46%) MAE  2.281 r +0.843 rPIT     11.6
  O_S_T            CRPS  0.4071 ( -80.19%) MAE  0.721 r +0.970 rPIT     25.4
  O_A_T            CRPS  1.2058 ( -41.31%) MAE  1.760 r +0.910 rPIT     33.1
  O_A_S            CRPS  0.9711 ( -52.73%) MAE  1.360 r +0.918 rPIT     16.3
  O_A_S_T          CRPS  0.0000 (-100.00%) MAE  0.000 r +1.000 rPIT    264.5  identity |err| 3.81e-06
  Shapley %: T= 30.1%  S= 49.2%  A= 20.8%
  interactions: int_TS=+0.4955  int_TA=+0.0657  int_SA=-0.2493  int_TSA=+0.1088

done in 22s -> p4cc_results.json
