   appearance model 2022: train 16573 test 9111 (injury features: yes)
   appearance model 2023: train 25684 test 8919 (injury features: yes)
   appearance model 2024: train 34603 test 8831 (injury features: yes)
   appearance model 2025: train 43434 test 8896 (injury features: NO -- 2025 has no timestamp)
  snaps        2022 n= 8092 rPIT chi2 A=    43.9 B=    72.7 D*=   104.2 (crit 27.9)
  snaps        2023 n= 7840 rPIT chi2 A=    73.2 B=   106.2 D*=   141.5 (crit 27.9)
  snaps        2024 n= 7743 rPIT chi2 A=   101.1 B=   105.6 D*=   109.3 (crit 27.9)
  snaps        2025 n= 7768 rPIT chi2 A=    48.1 B=    35.6 D*=    46.0 (crit 27.9)
  pass_snaps   2022 n= 8092 rPIT chi2 A=   162.4 B=    69.1 D*=    61.3 (crit 27.9)
  pass_snaps   2023 n= 7840 rPIT chi2 A=   203.1 B=   112.9 D*=   124.0 (crit 27.9)
  pass_snaps   2024 n= 7729 rPIT chi2 A=   217.6 B=    88.7 D*=    90.3 (crit 27.9)
  pass_snaps   2025 n= 7752 rPIT chi2 A=   236.4 B=    67.9 D*=    58.0 (crit 27.9)
  targets      2022 n= 8092 rPIT chi2 A=   223.8 B=   146.4 D*=   134.3 (crit 27.9)
  targets      2023 n= 7840 rPIT chi2 A=   149.4 B=    78.3 D*=   132.3 (crit 27.9)
  targets      2024 n= 7743 rPIT chi2 A=   171.0 B=    69.6 D*=   119.1 (crit 27.9)
  targets      2025 n= 7768 rPIT chi2 A=   197.7 B=   109.7 D*=   151.8 (crit 27.9)
  carries      2022 n= 2365 rPIT chi2 A=    49.3 B=    26.8 D*=    45.9 (crit 27.9)
  carries      2023 n= 2255 rPIT chi2 A=    60.8 B=    29.0 D*=    54.3 (crit 27.9)
  carries      2024 n= 2166 rPIT chi2 A=    36.7 B=     8.9 D*=    13.8 (crit 27.9)
  carries      2025 n= 2174 rPIT chi2 A=    47.7 B=    30.2 D*=    41.6 (crit 27.9)
  rz_carries   2022 n= 2208 rPIT chi2 A=   265.5 B=   144.3 D*=   188.0 (crit 27.9)
  rz_carries   2023 n= 2105 rPIT chi2 A=   203.3 B=    86.5 D*=   153.1 (crit 27.9)
  rz_carries   2024 n= 2024 rPIT chi2 A=   220.6 B=   104.1 D*=   148.5 (crit 27.9)
  rz_carries   2025 n= 2037 rPIT chi2 A=   218.1 B=    74.0 D*=   149.9 (crit 27.9)
done in 27s -> p4b_results2.json
