
== carries 2024  n=2166 G=544 mode=simplex ==
  ACCOUNTING COHERENCE           pre        post
    impossible_share_gt_cap             0.0000     0.0000
    team_group_sum_gt_cap_rate          0.2765     0.0000
    modelled_mass_mean                  0.8186     0.7925
    over_allocation_pct                 2.2204    -1.0460
    team_accounting_error_mean_abs      0.0000     0.0000
    team_sum coverage_90                0.9688     0.9283
  MARGINAL CALIBRATION           pre        post
    crps                                2.1771     2.1103
    mae                                 3.2980     3.1930
    bias                                0.1285    -0.0374
    randomised PIT chi2                    7.1        9.0   (crit 27.877)
    coverage@90                         0.9529     0.9520
    coverage@99                         0.9968     0.9972
    exceed p99 rate (nominal .01)       0.0074     0.0055
  JOINT DEPENDENCE  (model median r [95% PI] vs realised)
    rank1-rank2      pre -0.023   post -0.547 [-0.612,-0.477]  real -0.667  z -3.39  OUT
    rank1-rank3      pre -0.040   post -0.368 [-0.436,-0.292]  real -0.425  z -1.52  IN
    rank2-rank3      pre +0.063   post -0.155 [-0.216,-0.087]  real -0.110  z +1.39  IN
    top1-remainder   pre +0.099   post -0.483 [-0.542,-0.412]  real -0.569  z -2.54  OUT
    concentration HHI  sim pre 0.600 post 0.600  realised 0.623

== carries 2025  n=2174 G=544 mode=simplex ==
  ACCOUNTING COHERENCE           pre        post
    impossible_share_gt_cap             0.0000     0.0000
    team_group_sum_gt_cap_rate          0.2830     0.0000
    modelled_mass_mean                  0.8382     0.7953
    over_allocation_pct                 4.6189    -0.7303
    team_accounting_error_mean_abs      0.0000     0.0000
    team_sum coverage_90                0.9706     0.8915
  MARGINAL CALIBRATION           pre        post
    crps                                2.0602     2.0545
    mae                                 3.2015     3.1310
    bias                                0.2769    -0.0019
    randomised PIT chi2                   25.0        9.7   (crit 27.877)
    coverage@90                         0.9535     0.9471
    coverage@99                         0.9954     0.9972
    exceed p99 rate (nominal .01)       0.0069     0.0069
  JOINT DEPENDENCE  (model median r [95% PI] vs realised)
    rank1-rank2      pre -0.080   post -0.534 [-0.606,-0.455]  real -0.575  z -1.10  IN
    rank1-rank3      pre -0.068   post -0.372 [-0.441,-0.285]  real -0.367  z +0.12  IN
    rank2-rank3      pre +0.018   post -0.162 [-0.225,-0.091]  real -0.193  z -0.93  IN
    top1-remainder   pre +0.046   post -0.477 [-0.540,-0.414]  real -0.464  z +0.39  IN
    concentration HHI  sim pre 0.594 post 0.594  realised 0.617

== targets 2024  n=7743 G=544 mode=simplex ==
  ACCOUNTING COHERENCE           pre        post
    impossible_share_gt_cap             0.0000     0.0000
    team_group_sum_gt_cap_rate          0.5436     0.0000
    modelled_mass_mean                  1.0378     0.9882
    over_allocation_pct                 4.7272    -0.2723
    team_accounting_error_mean_abs      0.0000     0.0000
    team_sum coverage_90                0.9430     0.9246
  MARGINAL CALIBRATION           pre        post
    crps                                0.9343     0.9221
    mae                                 1.4369     1.4032
    bias                                0.0942    -0.0142
    randomised PIT chi2                   74.3       71.9   (crit 27.877)
    coverage@90                         0.9486     0.9419
    coverage@99                         0.9959     0.9935
    exceed p99 rate (nominal .01)       0.0071     0.0118
  JOINT DEPENDENCE  (model median r [95% PI] vs realised)
    TE1-RB1          pre -0.022   post -0.078 [-0.156,+0.008]  real -0.103  z -0.59  IN  cross_position
    WR1-RB1          pre -0.018   post -0.116 [-0.202,-0.025]  real -0.087  z +0.65  IN  cross_position
    WR1-TE1          pre -0.070   post -0.187 [-0.268,-0.101]  real -0.230  z -1.02  IN  cross_position
    WR1-WR2          pre +0.115   post -0.063 [-0.156,+0.032]  real -0.021  z +0.88  IN  same_position
    rank1-rank2      pre +0.087   post -0.086 [-0.177,+0.008]  real -0.137  z -1.06  IN
    rank1-rank3      pre +0.012   post -0.133 [-0.227,-0.047]  real -0.133  z +0.01  IN
    rank2-rank3      pre +0.064   post -0.080 [-0.172,+0.012]  real -0.163  z -1.74  IN
    top1-remainder   pre +0.361   post +0.138 [+0.042,+0.232]  real +0.007  z -2.71  OUT
    concentration HHI  sim pre 0.184 post 0.184  realised 0.198

== targets 2025  n=7768 G=544 mode=simplex ==
  ACCOUNTING COHERENCE           pre        post
    impossible_share_gt_cap             0.0000     0.0000
    team_group_sum_gt_cap_rate          0.5719     0.0000
    modelled_mass_mean                  1.0557     0.9889
    over_allocation_pct                 6.8614     0.0969
    team_accounting_error_mean_abs      0.0000     0.0000
    team_sum coverage_90                0.9596     0.9118
  MARGINAL CALIBRATION           pre        post
    crps                                0.9611     0.9520
    mae                                 1.4813     1.4455
    bias                                0.1906     0.0434
    randomised PIT chi2                  121.1      104.8   (crit 27.877)
    coverage@90                         0.9494     0.9395
    coverage@99                         0.9972     0.9958
    exceed p99 rate (nominal .01)       0.0059     0.0102
  JOINT DEPENDENCE  (model median r [95% PI] vs realised)
    TE1-RB1          pre -0.043   post -0.077 [-0.166,+0.006]  real -0.144  z -1.49  IN  cross_position
    WR1-RB1          pre +0.004   post -0.070 [-0.160,+0.021]  real -0.071  z -0.02  IN  cross_position
    WR1-TE1          pre -0.058   post -0.156 [-0.246,-0.067]  real -0.110  z +1.00  IN  cross_position
    WR1-WR2          pre +0.069   post -0.115 [-0.197,-0.019]  real -0.125  z -0.23  IN  same_position
    rank1-rank2      pre +0.047   post -0.094 [-0.181,-0.001]  real -0.165  z -1.53  IN
    rank1-rank3      pre +0.007   post -0.140 [-0.224,-0.049]  real -0.093  z +1.03  IN
    rank2-rank3      pre +0.052   post -0.097 [-0.184,-0.007]  real -0.058  z +0.86  IN
    top1-remainder   pre +0.329   post +0.118 [+0.018,+0.210]  real -0.043  z -3.33  OUT
    concentration HHI  sim pre 0.183 post 0.183  realised 0.195

== snaps 2024  n=7743 G=544 mode=occupancy ==
  ACCOUNTING COHERENCE           pre        post
    impossible_share_gt_cap             0.0000     0.0075
    team_group_sum_gt_cap_rate          0.4237     0.0067
    modelled_mass_mean                  4.8558     4.8896
    over_allocation_pct                -0.8549    -0.1653
    team_accounting_error_mean_abs      0.0000     0.0000
    team_sum coverage_90                0.9210     0.8952
  MARGINAL CALIBRATION           pre        post
    crps                                6.5893     6.4919
    mae                                 9.7238     9.5640
    bias                                0.1024     0.2588
    randomised PIT chi2                   82.0      111.5   (crit 27.877)
    coverage@90                         0.9478     0.9514
    coverage@99                         0.9938     0.9964
    exceed p99 rate (nominal .01)       0.0106     0.0075
  JOINT DEPENDENCE  (model median r [95% PI] vs realised)
    TE1-RB1          pre +0.009   post -0.025 [-0.110,+0.067]  real +0.003  z +0.63  IN  cross_position
    WR1-RB1          pre +0.026   post +0.013 [-0.070,+0.103]  real +0.087  z +1.66  IN  cross_position
    WR1-TE1          pre -0.009   post +0.002 [-0.083,+0.088]  real +0.034  z +0.73  IN  cross_position
    WR1-WR2          pre +0.101   post +0.075 [-0.007,+0.163]  real +0.052  z -0.53  IN  same_position
    rank1-rank2      pre +0.078   post +0.107 [+0.019,+0.206]  real +0.221  z +2.39  OUT
    rank1-rank3      pre +0.061   post +0.061 [-0.026,+0.158]  real +0.021  z -0.87  IN
    rank2-rank3      pre +0.091   post +0.062 [-0.031,+0.150]  real +0.104  z +0.87  IN
    top1-remainder   pre +0.220   post +0.107 [-0.003,+0.219]  real +0.260  z +2.75  OUT
    concentration HHI  sim pre 0.134 post 0.132  realised 0.132

== snaps 2025  n=7768 G=544 mode=occupancy ==
  ACCOUNTING COHERENCE           pre        post
    impossible_share_gt_cap             0.0000     0.0064
    team_group_sum_gt_cap_rate          0.4346     0.0057
    modelled_mass_mean                  4.8848     4.8916
    over_allocation_pct                 0.3998     0.5405
    team_accounting_error_mean_abs      0.0000     0.0000
    team_sum coverage_90                0.9485     0.8768
  MARGINAL CALIBRATION           pre        post
    crps                                7.2255     7.2295
    mae                                10.5736    10.5556
    bias                                0.7147     0.7483
    randomised PIT chi2                   46.9       57.9   (crit 27.877)
    coverage@90                         0.9399     0.9437
    coverage@99                         0.9956     0.9955
    exceed p99 rate (nominal .01)       0.0095     0.0095
  JOINT DEPENDENCE  (model median r [95% PI] vs realised)
    TE1-RB1          pre +0.001   post -0.004 [-0.101,+0.074]  real +0.104  z +2.36  OUT  cross_position
    WR1-RB1          pre +0.044   post +0.031 [-0.053,+0.129]  real +0.142  z +2.34  OUT  cross_position
    WR1-TE1          pre +0.011   post +0.010 [-0.079,+0.099]  real +0.059  z +1.07  IN  cross_position
    WR1-WR2          pre +0.079   post +0.015 [-0.076,+0.100]  real +0.070  z +1.19  IN  same_position
    rank1-rank2      pre +0.078   post +0.083 [-0.003,+0.174]  real +0.150  z +1.48  IN
    rank1-rank3      pre +0.061   post +0.036 [-0.049,+0.128]  real +0.087  z +1.07  IN
    rank2-rank3      pre +0.099   post +0.053 [-0.040,+0.146]  real +0.180  z +2.71  OUT
    top1-remainder   pre +0.220   post +0.093 [-0.017,+0.213]  real +0.087  z -0.11  IN
    concentration HHI  sim pre 0.133 post 0.131  realised 0.131

== flags raised: 21 ==
  JOINT_DEPENDENCE       carries/2024   rank1-rank2: realised r -0.667 outside the model's 95% band [-0.612,-0.477], z -3.39
  JOINT_DEPENDENCE       carries/2024   top1-remainder: realised r -0.569 outside the model's 95% band [-0.542,-0.412], z -2.54
  ACCOUNTING_COHERENCE   carries/2024   pre-reconciliation team group sum exceeds the physical maximum of 1.0 in 27.65% of draws, peaking at 3.216 (3.22x). The realised maximum is 1.000.
  ACCOUNTING_COHERENCE   carries/2025   pre-reconciliation team group sum exceeds the physical maximum of 1.0 in 28.30% of draws, peaking at 3.164 (3.16x). The realised maximum is 1.000.
  MARGINAL_CALIBRATION   targets/2024   post-reconciliation randomised PIT chi2 71.9 exceeds 27.877
  JOINT_DEPENDENCE       targets/2024   top1-remainder: realised r +0.007 outside the model's 95% band [+0.042,+0.232], z -2.71
  ACCOUNTING_COHERENCE   targets/2024   pre-reconciliation team group sum exceeds the physical maximum of 1.0 in 54.36% of draws, peaking at 2.768 (2.77x). The realised maximum is 1.000.
  MARGINAL_CALIBRATION   targets/2025   post-reconciliation randomised PIT chi2 104.8 exceeds 27.877
  JOINT_DEPENDENCE       targets/2025   top1-remainder: realised r -0.043 outside the model's 95% band [+0.018,+0.210], z -3.33
  ACCOUNTING_COHERENCE   targets/2025   pre-reconciliation team group sum exceeds the physical maximum of 1.0 in 57.19% of draws, peaking at 2.652 (2.65x). The realised maximum is 1.000.
  MARGINAL_CALIBRATION   snaps/2024     post-reconciliation randomised PIT chi2 111.5 exceeds 27.877
  JOINT_DEPENDENCE       snaps/2024     rank1-rank2: realised r +0.221 outside the model's 95% band [+0.019,+0.206], z +2.39
  JOINT_DEPENDENCE       snaps/2024     top1-remainder: realised r +0.260 outside the model's 95% band [-0.003,+0.219], z +2.75
  ACCOUNTING_COHERENCE   snaps/2024     pre-reconciliation team group sum exceeds the physical maximum of 5.0 in 42.37% of draws, peaking at 9.602 (1.92x). The realised maximum is 5.013.
  ACCOUNTING_COHERENCE   snaps/2024     impossible share rate 0.0075
  MARGINAL_CALIBRATION   snaps/2025     post-reconciliation randomised PIT chi2 57.9 exceeds 27.877
  JOINT_DEPENDENCE       snaps/2025     rank2-rank3: realised r +0.180 outside the model's 95% band [-0.040,+0.146], z +2.71
  JOINT_DEPENDENCE       snaps/2025     WR1-RB1: realised r +0.142 outside the model's 95% band [-0.053,+0.129], z +2.34
  JOINT_DEPENDENCE       snaps/2025     TE1-RB1: realised r +0.104 outside the model's 95% band [-0.101,+0.074], z +2.36
  ACCOUNTING_COHERENCE   snaps/2025     pre-reconciliation team group sum exceeds the physical maximum of 5.0 in 43.46% of draws, peaking at 10.847 (2.17x). The realised maximum is 5.000.
  ACCOUNTING_COHERENCE   snaps/2025     impossible share rate 0.0064

done in 35s -> s3_results.json
