team-games: 5278  seasons 2016-2025

=== plays
 2022 n= 542 best_base=coach_prior=6.5151 ridge=6.4413 r=0.167 | -0.0704[-0.2203,+0.0721] does NOT beat
 2023 n= 544 best_base=league_mean=6.6594 ridge=6.6296 r=0.100 | -0.0286[-0.1649,+0.1256] does NOT beat
 2024 n= 544 best_base=league_mean=6.7311 ridge=6.6381 r=0.093 | -0.0910[-0.1908,+0.0135] does NOT beat
 2025 n= 544 best_base=team_expanding=6.8555 ridge=6.7219 r=0.160 | -0.1373[-0.2715,-0.0124] BEATS

=== pass_rate
 2022 n= 542 best_base=ewma=0.0874 ridge=0.0856 r=0.322 | -0.0018[-0.0036,+0.0004] does NOT beat
 2023 n= 544 best_base=coach_prior=0.0802 ridge=0.0806 r=0.201 | +0.0004[-0.0017,+0.0024] does NOT beat
 2024 n= 544 best_base=ewma=0.0839 ridge=0.0821 r=0.307 | -0.0018[-0.0043,+0.0010] does NOT beat
 2025 n= 544 best_base=coach_prior=0.0825 ridge=0.0818 r=0.219 | -0.0007[-0.0029,+0.0013] does NOT beat

=== neutral_pass_rate
 2022 n= 502 best_base=ewma=0.0855 ridge=0.0841 r=0.441 | -0.0014[-0.0040,+0.0021] does NOT beat
 2023 n= 499 best_base=league_mean=0.0877 ridge=0.0857 r=0.236 | -0.0019[-0.0059,+0.0016] does NOT beat
 2024 n= 491 best_base=ewma=0.0843 ridge=0.0818 r=0.248 | -0.0026[-0.0051,+0.0001] does NOT beat
 2025 n= 487 best_base=league_mean=0.0858 ridge=0.0838 r=0.250 | -0.0020[-0.0053,+0.0008] does NOT beat

=== dropbacks
 2022 n= 542 best_base=coach_prior=6.7783 ridge=6.6571 r=0.341 | -0.1218[-0.2904,+0.0596] does NOT beat
 2023 n= 544 best_base=coach_prior=6.2403 ridge=6.2717 r=0.165 | +0.0415[-0.1608,+0.2281] does NOT beat
 2024 n= 544 best_base=league_mean=6.6224 ridge=6.4009 r=0.220 | -0.2117[-0.4041,-0.0270] BEATS
 2025 n= 544 best_base=ewma=6.5855 ridge=6.4935 r=0.239 | -0.0902[-0.2399,+0.0628] does NOT beat

=== rush_att
 2022 n= 542 best_base=ewma=6.1578 ridge=6.0462 r=0.257 | -0.1159[-0.2540,+0.0304] does NOT beat
 2023 n= 544 best_base=coach_prior=5.9833 ridge=5.9541 r=0.193 | -0.0296[-0.1752,+0.1090] does NOT beat
 2024 n= 544 best_base=ewma=5.9503 ridge=5.9114 r=0.300 | -0.0371[-0.2070,+0.1662] does NOT beat
 2025 n= 544 best_base=coach_prior=5.8701 ridge=5.8436 r=0.163 | -0.0251[-0.1463,+0.1098] does NOT beat

=== nonqb_rush_att
 2022 n= 542 best_base=team_expanding=5.6160 ridge=5.5580 r=0.227 | -0.0571[-0.2347,+0.0974] does NOT beat
 2023 n= 544 best_base=coach_prior=5.5552 ridge=5.5725 r=0.173 | +0.0163[-0.1047,+0.1301] does NOT beat
 2024 n= 544 best_base=ewma=5.5375 ridge=5.4478 r=0.226 | -0.0886[-0.2374,+0.0745] does NOT beat
 2025 n= 544 best_base=league_mean=5.4318 ridge=5.4041 r=0.141 | -0.0269[-0.1546,+0.0885] does NOT beat

=== designed_qb_rush
 2022 n= 542 best_base=coach_prior=1.6101 ridge=1.6133 r=0.531 | +0.0045[-0.0726,+0.0775] does NOT beat
 2023 n= 544 best_base=ewma=1.4507 ridge=1.4395 r=0.504 | -0.0122[-0.0371,+0.0163] does NOT beat
 2024 n= 544 best_base=ewma=1.4518 ridge=1.4343 r=0.529 | -0.0170[-0.0444,+0.0081] does NOT beat
 2025 n= 544 best_base=ewma=1.3030 ridge=1.3047 r=0.394 | +0.0006[-0.0247,+0.0296] does NOT beat

=== scrambles
 2022 n= 542 best_base=ewma=1.1847 ridge=1.1687 r=0.406 | -0.0157[-0.0376,+0.0092] does NOT beat
 2023 n= 544 best_base=coach_prior=1.2244 ridge=1.2390 r=0.379 | +0.0131[-0.0335,+0.0513] does NOT beat
 2024 n= 544 best_base=ewma=1.2597 ridge=1.2463 r=0.342 | -0.0140[-0.0382,+0.0146] does NOT beat
 2025 n= 544 best_base=ewma=1.2459 ridge=1.2258 r=0.418 | -0.0213[-0.0430,+0.0033] does NOT beat

=== sacks
 2022 n= 542 best_base=team_expanding=1.3874 ridge=1.3730 r=0.161 | -0.0129[-0.0444,+0.0226] does NOT beat
 2023 n= 544 best_base=coach_prior=1.4309 ridge=1.4191 r=0.275 | -0.0117[-0.0566,+0.0245] does NOT beat
 2024 n= 544 best_base=coach_prior=1.3930 ridge=1.4013 r=0.167 | +0.0087[-0.0251,+0.0379] does NOT beat
 2025 n= 544 best_base=coach_prior=1.3878 ridge=1.3847 r=0.215 | -0.0039[-0.0346,+0.0243] does NOT beat

wrote p4_results.json
